 rm8_roundtrip

 Timestamp is 6aa563d8 (Sat Sep 12 22:38:16 2026)

 Preferred load address is 0000000140000000

 Start         Length     Name                   Class
 0001:00000000 00013cc0H .text$mn                CODE
 0001:00013cc0 00000060H .text$mn$00             CODE
 0001:00013d20 00000c40H .text$mn$21             CODE
 0001:00014960 00000490H .text$x                 CODE
 0002:00000000 00000268H .idata$5                DATA
 0002:00000268 00000038H .00cfg                  DATA
 0002:000002a0 00000008H .CRT$XCA                DATA
 0002:000002a8 00000008H .CRT$XCAA               DATA
 0002:000002b0 00000008H .CRT$XCZ                DATA
 0002:000002b8 00000008H .CRT$XIA                DATA
 0002:000002c0 00000008H .CRT$XIAA               DATA
 0002:000002c8 00000008H .CRT$XIAC               DATA
 0002:000002d0 00000020H .CRT$XIC                DATA
 0002:000002f0 00000008H .CRT$XIZ                DATA
 0002:000002f8 00000008H .CRT$XPA                DATA
 0002:00000300 00000010H .CRT$XPX                DATA
 0002:00000310 00000008H .CRT$XPXA               DATA
 0002:00000318 00000008H .CRT$XPZ                DATA
 0002:00000320 00000008H .CRT$XTA                DATA
 0002:00000328 00000008H .CRT$XTZ                DATA
 0002:00000330 00000000H .gehcont$y              DATA
 0002:00000330 00000000H .gfids$y                DATA
 0002:00000330 00008380H .rdata                  DATA
 0002:000086b0 000001d0H .rdata$00               DATA
 0002:00008880 00000000H .rdata$CastGuardVftablesA DATA
 0002:00008880 00000000H .rdata$CastGuardVftablesC DATA
 0002:00008880 0000016cH .rdata$r                DATA
 0002:000089ec 000000fcH .rdata$voltmd           DATA
 0002:00008ae8 00000348H .rdata$zzzdbg           DATA
 0002:00008e30 00000008H .rtc$IAA                DATA
 0002:00008e38 00000008H .rtc$IZZ                DATA
 0002:00008e40 00000008H .rtc$TAA                DATA
 0002:00008e48 00000008H .rtc$TZZ                DATA
 0002:00008e50 00001138H .xdata                  DATA
 0002:00009f88 00000084H .xdata$x                DATA
 0002:0000a00c 00000000H .edata                  DATA
 0002:0000a00c 00000014H .idata$2                DATA
 0002:0000a020 00000018H .idata$3                DATA
 0002:0000a038 00000268H .idata$4                DATA
 0002:0000a2a0 00000592H .idata$6                DATA
 0003:00000000 00000ab0H .data                   DATA
 0003:00000ab0 00000050H .data$r                 DATA
 0003:00000b00 00000020H .data$rs                DATA
 0003:00000b20 000010c0H .bss                    DATA
 0004:00000000 000012d8H .pdata                  DATA
 0005:00000000 00000100H .fptable                DATA

  Address         Publics by Value              Rva+Base               Lib:Object

 0000:00000000       __AbsoluteZero             0000000000000000     <absolute>
 0000:00000000       ___safe_se_handler_count   0000000000000000     <absolute>
 0000:00000000       ___safe_se_handler_table   0000000000000000     <absolute>
 0000:00000000       __arm64x_extra_rfe_table   0000000000000000     <absolute>
 0000:00000000       __arm64x_extra_rfe_table_size 0000000000000000     <absolute>
 0000:00000000       __arm64x_native_entrypoint 0000000000000000     <absolute>
 0000:00000000       __arm64x_redirection_metadata 0000000000000000     <absolute>
 0000:00000000       __arm64x_redirection_metadata_count 0000000000000000     <absolute>
 0000:00000000       __dynamic_value_reloc_table 0000000000000000     <absolute>
 0000:00000000       __enclave_config           0000000000000000     <absolute>
 0000:00000000       __guard_check_icall_a64n_fptr 0000000000000000     <absolute>
 0000:00000000       __guard_eh_cont_count      0000000000000000     <absolute>
 0000:00000000       __guard_eh_cont_table      0000000000000000     <absolute>
 0000:00000000       __guard_fids_count         0000000000000000     <absolute>
 0000:00000000       __guard_fids_table         0000000000000000     <absolute>
 0000:00000000       __guard_iat_count          0000000000000000     <absolute>
 0000:00000000       __guard_iat_table          0000000000000000     <absolute>
 0000:00000000       __guard_longjmp_count      0000000000000000     <absolute>
 0000:00000000       __guard_longjmp_table      0000000000000000     <absolute>
 0000:00000000       __hybrid_auxiliary_delayload_iat 0000000000000000     <absolute>
 0000:00000000       __hybrid_auxiliary_delayload_iat_copy 0000000000000000     <absolute>
 0000:00000000       __hybrid_auxiliary_iat     0000000000000000     <absolute>
 0000:00000000       __hybrid_auxiliary_iat_copy 0000000000000000     <absolute>
 0000:00000000       __hybrid_code_map          0000000000000000     <absolute>
 0000:00000000       __hybrid_code_map_count    0000000000000000     <absolute>
 0000:00000000       __hybrid_image_info_bitfield 0000000000000000     <absolute>
 0000:00000000       __x64_code_ranges_to_entry_points 0000000000000000     <absolute>
 0000:00000000       __x64_code_ranges_to_entry_points_count 0000000000000000     <absolute>
 0000:00000100       __guard_flags              0000000000000100     <absolute>
 0000:00000000       __ImageBase                0000000140000000     <linker-defined>
 0001:00000000       __local_stdio_printf_options 0000000140001000 f i rm8_roundtrip.obj
 0001:00000010       main                       0000000140001010 f   rm8_roundtrip.obj
 0001:000000d0       printf                     00000001400010d0 f i rm8_roundtrip.obj
 0001:00000384       mainCRTStartup             0000000140001384 f   LIBCMT:exe_main.obj
 0001:00000398       __scrt_acquire_startup_lock 0000000140001398 f   LIBCMT:utility.obj
 0001:000003d4       __scrt_initialize_crt      00000001400013d4 f   LIBCMT:utility.obj
 0001:00000410       __scrt_initialize_onexit_tables 0000000140001410 f   LIBCMT:utility.obj
 0001:0000049c       __scrt_is_nonwritable_in_current_image 000000014000149c f   LIBCMT:utility.obj
 0001:00000534       __scrt_release_startup_lock 0000000140001534 f   LIBCMT:utility.obj
 0001:00000558       __scrt_uninitialize_crt    0000000140001558 f   LIBCMT:utility.obj
 0001:00000584       _onexit                    0000000140001584 f   LIBCMT:utility.obj
 0001:000005c0       atexit                     00000001400015c0 f   LIBCMT:utility.obj
 0001:000005d8       __security_init_cookie     00000001400015d8 f   LIBCMT:gs_support.obj
 0001:00000688       __scrt_exe_initialize_mta  0000000140001688 f   LIBCMT:utility_desktop.obj
 0001:00000688       __scrt_initialize_winrt    0000000140001688 f   LIBCMT:utility_desktop.obj
 0001:00000688       __scrt_stub_for_initialize_mta 0000000140001688 f   LIBCMT:utility_desktop.obj
 0001:00000688       _get_startup_commit_mode   0000000140001688 f   LIBCMT:commit_mode.obj
 0001:00000688       _get_startup_new_mode      0000000140001688 f   LIBCMT:new_mode.obj
 0001:00000688       _get_startup_thread_locale_mode 0000000140001688 f   LIBCMT:thread_locale.obj
 0001:00000688       _matherr                   0000000140001688 f   LIBCMT:matherr.obj
 0001:0000068c       _get_startup_argv_mode     000000014000168c f   LIBCMT:argv_mode.obj
 0001:00000694       _get_startup_file_mode     0000000140001694 f   LIBCMT:file_mode.obj
 0001:0000069c       ?__scrt_initialize_type_info@@YAXXZ 000000014000169c f   LIBCMT:tncleanup.obj
 0001:000006ac       __acrt_uninitialize_command_line 00000001400016ac f   libucrt:argv_data.obj
 0001:000006ac       _should_initialize_environment 00000001400016ac f   LIBCMT:env_mode.obj
 0001:000006b0       _guard_check_icall_nop     00000001400016b0 f   LIBCMT:guard_support.obj
 0001:000006b0       _initialize_denormal_control 00000001400016b0 f   LIBCMT:denormal_control.obj
 0001:000006b0       _initialize_invalid_parameter_handler 00000001400016b0 f   LIBCMT:invalid_parameter_handler.obj
 0001:000006b4       __local_stdio_scanf_options 00000001400016b4 f i LIBCMT:default_local_stdio_options.obj
 0001:000006bc       __scrt_initialize_default_local_stdio_options 00000001400016bc f   LIBCMT:default_local_stdio_options.obj
 0001:000006d8       __scrt_is_user_matherr_present 00000001400016d8 f   LIBCMT:matherr_detection.obj
 0001:000006e4       __scrt_get_dyn_tls_init_callback 00000001400016e4 f   LIBCMT:dyn_tls_init.obj
 0001:000006ec       __scrt_get_dyn_tls_dtor_callback 00000001400016ec f   LIBCMT:dyn_tls_dtor.obj
 0001:000006f4       __crt_debugger_hook        00000001400016f4 f   LIBCMT:utility_desktop.obj
 0001:00000700       __scrt_fastfail            0000000140001700 f   LIBCMT:utility_desktop.obj
 0001:0000084c       __scrt_initialize_mta      000000014000184c f   LIBCMT:utility_desktop.obj
 0001:00000854       __scrt_is_managed_app      0000000140001854 f   LIBCMT:utility_desktop.obj
 0001:000008a8       __scrt_set_unhandled_exception_filter 00000001400018a8 f   LIBCMT:utility_desktop.obj
 0001:000008b8       __scrt_unhandled_exception_filter 00000001400018b8 f   LIBCMT:utility_desktop.obj
 0001:0000091c       _RTC_Initialize            000000014000191c f   LIBCMT:initsect.obj
 0001:00000958       _RTC_Terminate             0000000140001958 f   LIBCMT:initsect.obj
 0001:00000994       __isa_available_init       0000000140001994 f   LIBCMT:cpu_disp.obj
 0001:00000c2c       __scrt_is_ucrt_dll_in_use  0000000140001c2c f   LIBCMT:ucrt_detection.obj
 0001:00000c40       __C_specific_handler       0000000140001c40 f   libvcruntime:riscchandler.obj
 0001:00000e58       __vcrt_initialize          0000000140001e58 f   libvcruntime:initialization.obj
 0001:00000e80       __vcrt_uninitialize        0000000140001e80 f   libvcruntime:initialization.obj
 0001:00000e9c       __std_type_info_compare    0000000140001e9c f   libvcruntime:std_type_info.obj
 0001:00000eb4       __DestructExceptionObject  0000000140001eb4 f   libvcruntime:ehhelpers.obj
 0001:00000f28       ?_CallMemberFunction0@@YAXQEAX0@Z 0000000140001f28 f i libvcruntime:ehhelpers.obj
 0001:00000f2c       _IsExceptionObjectToBeDestroyed 0000000140001f2c f   libvcruntime:ehhelpers.obj
 0001:00000f5c       __AdjustPointer            0000000140001f5c f   libvcruntime:ehhelpers.obj
 0001:00000f80       __FrameUnwindFilter        0000000140001f80 f   libvcruntime:ehhelpers.obj
 0001:00000fe8       __current_exception        0000000140001fe8 f   libvcruntime:ehhelpers.obj
 0001:00000ffc       __current_exception_context 0000000140001ffc f   libvcruntime:ehhelpers.obj
 0001:00001010       __std_terminate            0000000140002010 f   libvcruntime:ehhelpers.obj
 0001:00001050       _NLG_Notify                0000000140002050 f   libvcruntime:notify.obj
 0001:00001070       __NLG_Dispatch2            0000000140002070 f   libvcruntime:notify.obj
 0001:00001080       __NLG_Return2              0000000140002080 f   libvcruntime:notify.obj
 0001:00001084       __except_validate_context_record 0000000140002084 f   libvcruntime:jbcxrval.obj
 0001:000010bc       __vcrt_freefls             00000001400020bc f   libvcruntime:per_thread_data.obj
 0001:000010dc       __vcrt_getptd              00000001400020dc f   libvcruntime:per_thread_data.obj
 0001:000010f8       __vcrt_getptd_noexit       00000001400020f8 f   libvcruntime:per_thread_data.obj
 0001:000011c4       __vcrt_initialize_ptd      00000001400021c4 f   libvcruntime:per_thread_data.obj
 0001:0000120c       __vcrt_uninitialize_ptd    000000014000220c f   libvcruntime:per_thread_data.obj
 0001:00001234       __vcrt_initialize_locks    0000000140002234 f   libvcruntime:locks.obj
 0001:0000127c       __vcrt_uninitialize_locks  000000014000227c f   libvcruntime:locks.obj
 0001:00001404       __vcrt_FlsAlloc            0000000140002404 f   libvcruntime:winapi_downlevel.obj
 0001:0000144c       __vcrt_FlsFree             000000014000244c f   libvcruntime:winapi_downlevel.obj
 0001:00001494       __vcrt_FlsGetValue         0000000140002494 f   libvcruntime:winapi_downlevel.obj
 0001:000014dc       __vcrt_FlsSetValue         00000001400024dc f   libvcruntime:winapi_downlevel.obj
 0001:00001530       __vcrt_InitializeCriticalSectionEx 0000000140002530 f   libvcruntime:winapi_downlevel.obj
 0001:00001594       ??$_CallSETranslator@V__FrameHandler3@@@@YAHPEAUEHExceptionRecord@@PEA_KPEAU_CONTEXT@@PEAU_xDISPATCHER_CONTEXT@@PEBU_s_FuncInfo@@K1H@Z 0000000140002594 f i libvcruntime:risctrnsctrl.obj
 0001:000015e8       ?CatchTryBlock@__FrameHandler3@@SAPEBU_s_TryBlockMapEntry@@PEBU_s_FuncInfo@@H@Z 00000001400025e8 f   libvcruntime:risctrnsctrl.obj
 0001:0000164c       ?ExecutionInCatch@__FrameHandler3@@SA_NPEAU_xDISPATCHER_CONTEXT@@PEBU_s_FuncInfo@@@Z 000000014000264c f   libvcruntime:risctrnsctrl.obj
 0001:00001678       ?FrameUnwindToEmptyState@__FrameHandler3@@SAXPEA_KPEAU_xDISPATCHER_CONTEXT@@PEBU_s_FuncInfo@@@Z 0000000140002678 f   libvcruntime:risctrnsctrl.obj
 0001:000016dc       ?GetEstablisherFrame@__FrameHandler3@@SAPEA_KPEA_KPEAU_xDISPATCHER_CONTEXT@@PEBU_s_FuncInfo@@0@Z 00000001400026dc f   libvcruntime:risctrnsctrl.obj
 0001:000017c4       ?GetRangeOfTrysToCheck@__FrameHandler3@@SA?AU?$pair@Viterator@TryBlockMap@__FrameHandler3@@V123@@std@@AEAVTryBlockMap@1@HPEAU_xDISPATCHER_CONTEXT@@PEBU_s_FuncInfo@@H@Z 00000001400027c4 f   libvcruntime:risctrnsctrl.obj
 0001:000018fc       ?UnwindNestedFrames@__FrameHandler3@@SAXPEA_KPEAUEHExceptionRecord@@PEAU_CONTEXT@@0PEAXPEBU_s_FuncInfo@@HHPEBU_s_HandlerType@@PEAU_xDISPATCHER_CONTEXT@@E@Z 00000001400028fc f   libvcruntime:risctrnsctrl.obj
 0001:00001a00       _CreateFrameInfo           0000000140002a00 f   libvcruntime:risctrnsctrl.obj
 0001:00001a3c       _FindAndUnlinkFrame        0000000140002a3c f   libvcruntime:risctrnsctrl.obj
 0001:00001a90       _GetImageBase              0000000140002a90 f   libvcruntime:risctrnsctrl.obj
 0001:00001aa4       _GetThrowImageBase         0000000140002aa4 f   libvcruntime:risctrnsctrl.obj
 0001:00001ab8       _SetImageBase              0000000140002ab8 f   libvcruntime:risctrnsctrl.obj
 0001:00001ad0       _SetThrowImageBase         0000000140002ad0 f   libvcruntime:risctrnsctrl.obj
 0001:00001ae8       __CxxFrameHandler3         0000000140002ae8 f   libvcruntime:risctrnsctrl.obj
 0001:00001b70       ?GetCurrentState@__FrameHandler3@@SAHPEA_KPEAU_xDISPATCHER_CONTEXT@@PEBU_s_FuncInfo@@@Z 0000000140002b70 f   libvcruntime:ehstate.obj
 0001:00001b98       ?GetUnwindTryBlock@__FrameHandler3@@SAHPEA_KPEAU_xDISPATCHER_CONTEXT@@PEBU_s_FuncInfo@@@Z 0000000140002b98 f   libvcruntime:ehstate.obj
 0001:00001bc4       ?SetState@__FrameHandler3@@SAXPEA_KPEBU_s_FuncInfo@@H@Z 0000000140002bc4 f   libvcruntime:ehstate.obj
 0001:00001bd0       ?SetUnwindTryBlock@__FrameHandler3@@SAXPEA_KPEAU_xDISPATCHER_CONTEXT@@PEBU_s_FuncInfo@@H@Z 0000000140002bd0 f   libvcruntime:ehstate.obj
 0001:00001c0c       ?StateFromControlPc@__FrameHandler3@@SAHPEBU_s_FuncInfo@@PEAU_xDISPATCHER_CONTEXT@@@Z 0000000140002c0c f   libvcruntime:ehstate.obj
 0001:00001c14       ?StateFromIp@__FrameHandler3@@SAHPEBU_s_FuncInfo@@PEAU_xDISPATCHER_CONTEXT@@_K@Z 0000000140002c14 f   libvcruntime:ehstate.obj
 0001:0000275c       ??$TypeMatchHelper@V__FrameHandler3@@@@YAHPEBU_s_HandlerType@@PEBU_s_CatchableType@@PEBU_s_ThrowInfo@@@Z 000000014000375c f i libvcruntime:frame.obj
 0001:0000287c       ??$__InternalCxxFrameHandler@V__FrameHandler3@@@@YA?AW4_EXCEPTION_DISPOSITION@@PEAUEHExceptionRecord@@PEA_KPEAU_CONTEXT@@PEAU_xDISPATCHER_CONTEXT@@PEBU_s_FuncInfo@@H1E@Z 000000014000387c f i libvcruntime:frame.obj
 0001:00002aac       ??$__InternalCxxFrameHandlerWrapper@V__FrameHandler3@@@@YA?AW4_EXCEPTION_DISPOSITION@@PEAUEHExceptionRecord@@PEA_KPEAU_CONTEXT@@PEAU_xDISPATCHER_CONTEXT@@PEBU_s_FuncInfo@@H1E@Z 0000000140003aac f i libvcruntime:frame.obj
 0001:00002ab4       ??0bad_exception@std@@QEAA@AEBV01@@Z 0000000140003ab4 f i libvcruntime:frame.obj
 0001:00002af0       ??0bad_exception@std@@QEAA@XZ 0000000140003af0 f i libvcruntime:frame.obj
 0001:00002b14       ??0exception@std@@QEAA@AEBV01@@Z 0000000140003b14 f i libvcruntime:frame.obj
 0001:00002b48       ??1bad_exception@std@@UEAA@XZ 0000000140003b48 f i libvcruntime:frame.obj
 0001:00002b5c       ??_Ebad_exception@std@@UEAAPEAXI@Z 0000000140003b5c f i libvcruntime:frame.obj
 0001:00002b5c       ??_Eexception@std@@UEAAPEAXI@Z 0000000140003b5c f i libvcruntime:frame.obj
 0001:00002b5c       ??_Gbad_exception@std@@UEAAPEAXI@Z 0000000140003b5c f i libvcruntime:frame.obj
 0001:00002b5c       ??_Gexception@std@@UEAAPEAXI@Z 0000000140003b5c f i libvcruntime:frame.obj
 0001:00002ba0       ?CxxCallCatchBlock@__FrameHandler3@@SAPEAXPEAU_EXCEPTION_RECORD@@@Z 0000000140003ba0 f   libvcruntime:frame.obj
 0001:00002e24       ?FrameUnwindToState@__FrameHandler3@@SAXPEA_KPEAU_xDISPATCHER_CONTEXT@@PEBU_s_FuncInfo@@H@Z 0000000140003e24 f   libvcruntime:frame.obj
 0001:00002fb0       ?GetHandlerSearchState@__FrameHandler3@@SAHPEA_KPEAU_xDISPATCHER_CONTEXT@@PEBU_s_FuncInfo@@@Z 0000000140003fb0 f i libvcruntime:frame.obj
 0001:000031b8       ?_CallMemberFunction1@@YAXQEAX00@Z 00000001400041b8 f i libvcruntime:frame.obj
 0001:000031c4       ?_CallMemberFunction2@@YAXQEAX00H@Z 00000001400041c4 f i libvcruntime:frame.obj
 0001:000031d4       ?what@exception@std@@UEBAPEBDXZ 00000001400041d4 f i libvcruntime:frame.obj
 0001:00003230       _CallSettingFrame          0000000140004230 f   libvcruntime:handlers.obj
 0001:00003270       __std_exception_copy       0000000140004270 f   libvcruntime:std_exception.obj
 0001:000032f0       __std_exception_destroy    00000001400042f0 f   libvcruntime:std_exception.obj
 0001:00003318       _CxxThrowException         0000000140004318 f   libvcruntime:throw.obj
 0001:000033c0       __acrt_initialize_stdio    00000001400043c0 f   libucrt:_file.obj
 0001:000034e0       __acrt_iob_func            00000001400044e0 f   libucrt:_file.obj
 0001:000034f4       __acrt_uninitialize_stdio  00000001400044f4 f   libucrt:_file.obj
 0001:00003550       _lock_file                 0000000140004550 f   libucrt:_file.obj
 0001:0000355c       _unlock_file               000000014000455c f   libucrt:_file.obj
 0001:000035a8       ??$ensure_buffer_is_big_enough@D@formatting_buffer@__crt_stdio_output@@QEAA_N_KAEAV__crt_cached_ptd_host@@@Z 00000001400045a8 f i libucrt:output.obj
 0001:00003650       ??$parse_integer@KV?$c_string_character_source@D@__crt_strtox@@$0A@@__crt_strtox@@YAKAEAV__crt_cached_ptd_host@@V?$c_string_character_source@D@0@H_N@Z 0000000140004650 f i libucrt:output.obj
 0001:00003904       ??$type_case_integer@$07@?$output_processor@DV?$stream_output_adapter@D@__crt_stdio_output@@V?$standard_base@DV?$stream_output_adapter@D@__crt_stdio_output@@@2@@__crt_stdio_output@@AEAA_N_N@Z 0000000140004904 f i libucrt:output.obj
 0001:00003b08       ??$type_case_integer@$09@?$output_processor@DV?$stream_output_adapter@D@__crt_stdio_output@@V?$standard_base@DV?$stream_output_adapter@D@__crt_stdio_output@@@2@@__crt_stdio_output@@AEAA_N_N@Z 0000000140004b08 f i libucrt:output.obj
 0001:00003d0c       ??$type_case_integer@$0BA@@?$output_processor@DV?$stream_output_adapter@D@__crt_stdio_output@@V?$standard_base@DV?$stream_output_adapter@D@__crt_stdio_output@@@2@@__crt_stdio_output@@AEAA_N_N@Z 0000000140004d0c f i libucrt:output.obj
 0001:00003f10       ??$type_case_integer_parse_into_buffer@I$07@?$output_processor@DV?$stream_output_adapter@D@__crt_stdio_output@@V?$standard_base@DV?$stream_output_adapter@D@__crt_stdio_output@@@2@@__crt_stdio_output@@AEAAXI_N@Z 0000000140004f10 f i libucrt:output.obj
 0001:00003f80       ??$type_case_integer_parse_into_buffer@I$09@?$output_processor@DV?$stream_output_adapter@D@__crt_stdio_output@@V?$standard_base@DV?$stream_output_adapter@D@__crt_stdio_output@@@2@@__crt_stdio_output@@AEAAXI_N@Z 0000000140004f80 f i libucrt:output.obj
 0001:0000402c       ??$type_case_integer_parse_into_buffer@I$0BA@@?$output_processor@DV?$stream_output_adapter@D@__crt_stdio_output@@V?$standard_base@DV?$stream_output_adapter@D@__crt_stdio_output@@@2@@__crt_stdio_output@@AEAAXI_N@Z 000000014000502c f i libucrt:output.obj
 0001:000040b0       ??$type_case_integer_parse_into_buffer@_K$07@?$output_processor@DV?$stream_output_adapter@D@__crt_stdio_output@@V?$standard_base@DV?$stream_output_adapter@D@__crt_stdio_output@@@2@@__crt_stdio_output@@AEAAX_K_N@Z 00000001400050b0 f i libucrt:output.obj
 0001:00004120       ??$type_case_integer_parse_into_buffer@_K$09@?$output_processor@DV?$stream_output_adapter@D@__crt_stdio_output@@V?$standard_base@DV?$stream_output_adapter@D@__crt_stdio_output@@@2@@__crt_stdio_output@@AEAAX_K_N@Z 0000000140005120 f i libucrt:output.obj
 0001:000041d0       ??$type_case_integer_parse_into_buffer@_K$0BA@@?$output_processor@DV?$stream_output_adapter@D@__crt_stdio_output@@V?$standard_base@DV?$stream_output_adapter@D@__crt_stdio_output@@@2@@__crt_stdio_output@@AEAAX_K_N@Z 00000001400051d0 f i libucrt:output.obj
 0001:00004370       ?crop_zeroes@__crt_stdio_output@@YAXPEADQEAU__crt_locale_pointers@@@Z 0000000140005370 f i libucrt:output.obj
 0001:000043e0       ?get_raw_ptd@__crt_cached_ptd_host@@QEAAPEAU__acrt_ptd@@XZ 00000001400053e0 f i libucrt:output.obj
 0001:00004448       ?parse_int_from_format_string@?$output_processor@DV?$stream_output_adapter@D@__crt_stdio_output@@V?$standard_base@DV?$stream_output_adapter@D@__crt_stdio_output@@@2@@__crt_stdio_output@@AEAA_NQEAH@Z 0000000140005448 f i libucrt:output.obj
 0001:000044d8       ?process@?$output_processor@DV?$stream_output_adapter@D@__crt_stdio_output@@V?$standard_base@DV?$stream_output_adapter@D@__crt_stdio_output@@@2@@__crt_stdio_output@@QEAAHXZ 00000001400054d8 f i libucrt:output.obj
 0001:0000485c       ?state_case_size@?$output_processor@DV?$stream_output_adapter@D@__crt_stdio_output@@V?$standard_base@DV?$stream_output_adapter@D@__crt_stdio_output@@@2@@__crt_stdio_output@@AEAA_NXZ 000000014000585c f i libucrt:output.obj
 0001:000049e4       ?state_case_type@?$output_processor@DV?$stream_output_adapter@D@__crt_stdio_output@@V?$standard_base@DV?$stream_output_adapter@D@__crt_stdio_output@@@2@@__crt_stdio_output@@AEAA_NXZ 00000001400059e4 f i libucrt:output.obj
 0001:00004f1c       ?type_case_Z@?$output_processor@DV?$stream_output_adapter@D@__crt_stdio_output@@V?$standard_base@DV?$stream_output_adapter@D@__crt_stdio_output@@@2@@__crt_stdio_output@@AEAA_NXZ 0000000140005f1c f i libucrt:output.obj
 0001:00004f98       ?type_case_a@?$output_processor@DV?$stream_output_adapter@D@__crt_stdio_output@@V?$standard_base@DV?$stream_output_adapter@D@__crt_stdio_output@@@2@@__crt_stdio_output@@AEAA_NXZ 0000000140005f98 f i libucrt:output.obj
 0001:000051f4       ?type_case_c_tchar@?$output_processor@DV?$stream_output_adapter@D@__crt_stdio_output@@V?$standard_base@DV?$stream_output_adapter@D@__crt_stdio_output@@@2@@__crt_stdio_output@@AEAA_ND@Z 00000001400061f4 f i libucrt:output.obj
 0001:000052c8       ?type_case_n@?$output_processor@DV?$stream_output_adapter@D@__crt_stdio_output@@V?$standard_base@DV?$stream_output_adapter@D@__crt_stdio_output@@@2@@__crt_stdio_output@@AEAA_NXZ 00000001400062c8 f i libucrt:output.obj
 0001:00005380       ?type_case_s@?$output_processor@DV?$stream_output_adapter@D@__crt_stdio_output@@V?$standard_base@DV?$stream_output_adapter@D@__crt_stdio_output@@@2@@__crt_stdio_output@@AEAA_NXZ 0000000140006380 f i libucrt:output.obj
 0001:00005420       ?update_locale_slow@__crt_cached_ptd_host@@AEAAXXZ 0000000140006420 f i libucrt:output.obj
 0001:00005498       ?validate_stream_is_ansi_if_required@?$__acrt_stdio_char_traits@D@@SA_NQEAU_iobuf@@@Z 0000000140006498 f i libucrt:output.obj
 0001:00005534       ?write_string_impl@?$output_adapter_common@DV?$stream_output_adapter@D@__crt_stdio_output@@@__crt_stdio_output@@IEBAXQEBDHQEAHAEAV__crt_cached_ptd_host@@@Z 0000000140006534 f i libucrt:output.obj
 0001:00005604       __stdio_common_vfprintf    0000000140006604 f   libucrt:output.obj
 0001:00005728       _seh_filter_exe            0000000140006728 f   libucrt:exception_filter.obj
 0001:00005894       _query_app_type            0000000140006894 f   libucrt:report_runtime_error.obj
 0001:0000589c       _set_app_type              000000014000689c f   libucrt:report_runtime_error.obj
 0001:000058b0       __acrt_has_user_matherr    00000001400068b0 f   libucrt:matherr.obj
 0001:000058d0       __acrt_initialize_user_matherr 00000001400068d0 f   libucrt:matherr.obj
 0001:000058e0       __acrt_invoke_user_matherr 00000001400068e0 f   libucrt:matherr.obj
 0001:00005910       __setusermatherr           0000000140006910 f   libucrt:matherr.obj
 0001:00005af4       __acrt_allocate_buffer_for_argv 0000000140006af4 f   libucrt:argv_parsing.obj
 0001:00005b54       _configure_narrow_argv     0000000140006b54 f   libucrt:argv_parsing.obj
 0001:00005fb8       __dcrt_get_or_create_narrow_environment_nolock 0000000140006fb8 f   libucrt:environment_initialization.obj
 0001:00005ff4       __dcrt_uninitialize_environments_nolock 0000000140006ff4 f   libucrt:environment_initialization.obj
 0001:00006038       _get_initial_narrow_environment 0000000140007038 f   libucrt:environment_initialization.obj
 0001:00006088       _initialize_narrow_environment 0000000140007088 f   libucrt:environment_initialization.obj
 0001:00006090       _initterm                  0000000140007090 f   libucrt:initterm.obj
 0001:000060c8       _initterm_e                00000001400070c8 f   libucrt:initterm.obj
 0001:00006374       __acrt_initialize_thread_local_exit_callback 0000000140007374 f   libucrt:exit.obj
 0001:0000637c       _c_exit                    000000014000737c f   libucrt:exit.obj
 0001:0000638c       _cexit                     000000014000738c f   libucrt:exit.obj
 0001:0000639c       _exit                      000000014000739c f   libucrt:exit.obj
 0001:000063a8       _register_thread_local_exe_atexit_callback 00000001400073a8 f   libucrt:exit.obj
 0001:000063e4       exit                       00000001400073e4 f   libucrt:exit.obj
 0001:000063f0       _set_fmode                 00000001400073f0 f   libucrt:setmode.obj
 0001:00006430       __acrt_initialize_command_line 0000000140007430 f   libucrt:argv_data.obj
 0001:00006458       __p___argc                 0000000140007458 f   libucrt:argv_data.obj
 0001:00006460       __p___argv                 0000000140007460 f   libucrt:argv_data.obj
 0001:000064d8       __acrt_set_locale_changed  00000001400074d8 f   libucrt:wsetlocale.obj
 0001:000064e4       __acrt_uninitialize_locale 00000001400074e4 f   libucrt:wsetlocale.obj
 0001:00006514       _configthreadlocale        0000000140007514 f   libucrt:wsetlocale.obj
 0001:00006580       _query_new_mode            0000000140007580 f   libucrt:new_mode.obj
 0001:00006590       _set_new_mode              0000000140007590 f   libucrt:new_mode.obj
 0001:000065bc       __p__commode               00000001400075bc f   libucrt:ncommode.obj
 0001:00006904       _crt_atexit                0000000140007904 f   libucrt:onexit.obj
 0001:00006914       _execute_onexit_table      0000000140007914 f   libucrt:onexit.obj
 0001:00006958       _initialize_onexit_table   0000000140007958 f   libucrt:onexit.obj
 0001:00006980       _register_onexit_function  0000000140007980 f   libucrt:onexit.obj
 0001:00006af4       __acrt_initialize          0000000140007af4 f   libucrt:initialization.obj
 0001:00006b08       __acrt_uninitialize        0000000140007b08 f   libucrt:initialization.obj
 0001:00006b40       terminate                  0000000140007b40 f   libucrt:terminate.obj
 0001:00006b60       free                       0000000140007b60 f   libucrt:free.obj
 0001:00006b70       malloc                     0000000140007b70 f   libucrt:malloc.obj
 0001:00006b80       strcpy_s                   0000000140007b80 f   libucrt:strcpy_s.obj
 0001:00006c00       abort                      0000000140007c00 f   libucrt:abort.obj
 0001:00006c60       calloc                     0000000140007c60 f   libucrt:calloc.obj
 0001:00006c70       wcsncmp                    0000000140007c70 f   libucrt:wcsncmp.obj
 0001:00006ca4       ?get_raw_ptd_noexit@__crt_cached_ptd_host@@QEAAPEAU__acrt_ptd@@XZ 0000000140007ca4 f i libucrt:invalid_parameter.obj
 0001:00006d10       ?value@?$dual_state_global@P6AXPEB_W00I_K@Z@__crt_state_management@@QEAAAEAP6AXPEB_W00I_K@ZAEAV__crt_cached_ptd_host@@@Z 0000000140007d10 f i libucrt:invalid_parameter.obj
 0001:00006d5c       __acrt_call_reportfault    0000000140007d5c f   libucrt:invalid_parameter.obj
 0001:00006ecc       __acrt_initialize_invalid_parameter_handler 0000000140007ecc f   libucrt:invalid_parameter.obj
 0001:00006ed4       _invalid_parameter         0000000140007ed4 f   libucrt:invalid_parameter.obj
 0001:00006f70       _invalid_parameter_internal 0000000140007f70 f   libucrt:invalid_parameter.obj
 0001:00007028       _invalid_parameter_noinfo  0000000140008028 f   libucrt:invalid_parameter.obj
 0001:00007048       _invoke_watson             0000000140008048 f   libucrt:invalid_parameter.obj
 0001:00007090       __acrt_errno_from_os_error 0000000140008090 f   libucrt:errno.obj
 0001:00007160       __acrt_errno_map_os_error  0000000140008160 f   libucrt:errno.obj
 0001:00007188       __acrt_errno_map_os_error_ptd 0000000140008188 f   libucrt:errno.obj
 0001:000071ac       __doserrno                 00000001400081ac f   libucrt:errno.obj
 0001:000071d0       _errno                     00000001400081d0 f   libucrt:errno.obj
 0001:00007200       _calloc_base               0000000140008200 f   libucrt:calloc_base.obj
 0001:00007280       _free_base                 0000000140008280 f   libucrt:free_base.obj
 0001:000074c4       __acrt_AppPolicyGetProcessTerminationMethodInternal 00000001400084c4 f   libucrt:winapi_thunks.obj
 0001:00007520       __acrt_AreFileApisANSI     0000000140008520 f   libucrt:winapi_thunks.obj
 0001:0000756c       __acrt_CompareStringEx     000000014000856c f   libucrt:winapi_thunks.obj
 0001:00007630       __acrt_FlsAlloc            0000000140008630 f   libucrt:winapi_thunks.obj
 0001:00007638       __acrt_FlsFree             0000000140008638 f   libucrt:winapi_thunks.obj
 0001:00007640       __acrt_FlsGetValue         0000000140008640 f   libucrt:winapi_thunks.obj
 0001:00007648       __acrt_FlsGetValue2        0000000140008648 f   libucrt:winapi_thunks.obj
 0001:00007654       __acrt_FlsSetValue         0000000140008654 f   libucrt:winapi_thunks.obj
 0001:0000765c       __acrt_InitializeCriticalSectionEx 000000014000865c f   libucrt:winapi_thunks.obj
 0001:00007664       __acrt_LCMapStringEx       0000000140008664 f   libucrt:winapi_thunks.obj
 0001:00007758       __acrt_LocaleNameToLCID    0000000140008758 f   libucrt:winapi_thunks.obj
 0001:000077bc       __acrt_initialize_winapi_thunks 00000001400087bc f   libucrt:winapi_thunks.obj
 0001:000077ec       __acrt_tls2_supported      00000001400087ec f   libucrt:winapi_thunks.obj
 0001:00007830       __acrt_uninitialize_winapi_thunks 0000000140008830 f   libucrt:winapi_thunks.obj
 0001:00007874       _fcloseall                 0000000140008874 f   libucrt:closeall.obj
 0001:00007b08       __acrt_stdio_flush_nolock  0000000140008b08 f   libucrt:fflush.obj
 0001:00007b94       _fflush_nolock             0000000140008b94 f   libucrt:fflush.obj
 0001:00007c68       _flushall                  0000000140008c68 f   libucrt:fflush.obj
 0001:00007c70       __acrt_stdio_free_buffer_nolock 0000000140008c70 f   libucrt:_freebuf.obj
 0001:00007ebc       __acrt_initialize_lowio    0000000140008ebc f   libucrt:ioinit.obj
 0001:00007ef8       __acrt_uninitialize_lowio  0000000140008ef8 f   libucrt:ioinit.obj
 0001:00007f40       _malloc_base               0000000140008f40 f   libucrt:malloc_base.obj
 0001:00007fa0       strnlen                    0000000140008fa0 f   libucrt:strnlen.obj
 0001:00008130       wcsnlen                    0000000140009130 f   libucrt:strnlen.obj
 0001:00008338       __acrt_update_locale_info  0000000140009338 f   libucrt:locale_update.obj
 0001:0000836c       __acrt_update_locale_info_explicit 000000014000936c f   libucrt:locale_update.obj
 0001:000083a4       __acrt_update_multibyte_info 00000001400093a4 f   libucrt:locale_update.obj
 0001:000083d8       __acrt_update_multibyte_info_explicit 00000001400093d8 f   libucrt:locale_update.obj
 0001:00008f20       __acrt_fp_format           0000000140009f20 f   libucrt:cvt.obj
 0001:00009208       _wctomb_internal           000000014000a208 f   libucrt:wctomb.obj
 0001:000093b8       _mbtowc_internal           000000014000a3b8 f   libucrt:mbtowc.obj
 0001:00009530       ?__mblen_utf8@__crt_mbstring@@YAHPEBD@Z 000000014000a530 f   libucrt:mbrtoc32.obj
 0001:00009568       ?__mbrtoc32_utf8@__crt_mbstring@@YA_KPEA_UPEBD_KPEAU_Mbstatet@@AEAV__crt_cached_ptd_host@@@Z 000000014000a568 f   libucrt:mbrtoc32.obj
 0001:00009728       ?__c16rtomb_utf8@__crt_mbstring@@YA_KPEAD_SPEAU_Mbstatet@@AEAV__crt_cached_ptd_host@@@Z 000000014000a728 f   libucrt:c16rtomb.obj
 0001:000097cc       ?__mbrtowc_utf8@__crt_mbstring@@YA_KPEA_WPEBD_KPEAU_Mbstatet@@AEAV__crt_cached_ptd_host@@@Z 000000014000a7cc f   libucrt:mbrtowc.obj
 0001:00009814       ?__mbsrtowcs_utf8@__crt_mbstring@@YA_KPEA_WPEAPEBD_KPEAU_Mbstatet@@AEAV__crt_cached_ptd_host@@@Z 000000014000a814 f   libucrt:mbrtowc.obj
 0001:000099cc       _fileno                    000000014000a9cc f   libucrt:fileno.obj
 0001:000099f4       _get_printf_count_output   000000014000a9f4 f   libucrt:printf_count_output.obj
 0001:00009a0c       _fputc_nolock_internal     000000014000aa0c f   libucrt:fputc.obj
 0001:00009a24       __acrt_should_use_temporary_buffer 000000014000aa24 f   libucrt:_sftbuf.obj
 0001:00009a70       __acrt_stdio_begin_temporary_buffering_nolock 000000014000aa70 f   libucrt:_sftbuf.obj
 0001:00009b38       __acrt_stdio_end_temporary_buffering_nolock 000000014000ab38 f   libucrt:_sftbuf.obj
 0001:00009e88       ?internal_get_ptd_head_slow@@YAPEAU__acrt_ptd@@XZ 000000014000ae88 f   libucrt:per_thread_data.obj
 0001:00009fa8       __acrt_getptd              000000014000afa8 f   libucrt:per_thread_data.obj
 0001:00009fc4       __acrt_getptd_head         000000014000afc4 f   libucrt:per_thread_data.obj
 0001:0000a008       __acrt_getptd_noexit       000000014000b008 f   libucrt:per_thread_data.obj
 0001:0000a098       __acrt_getptd_noexit_explicit 000000014000b098 f   libucrt:per_thread_data.obj
 0001:0000a0f4       __acrt_initialize_ptd      000000014000b0f4 f   libucrt:per_thread_data.obj
 0001:0000a138       __acrt_uninitialize_ptd    000000014000b138 f   libucrt:per_thread_data.obj
 0001:0000a174       ??$__acrt_convert_wcs_mbs_cp@D_WV<lambda_7c9dea7b4ca7285d2cdb541a38da6275>@@U__crt_win32_buffer_internal_dynamic_resizing@@@@YAHQEBDAEAV?$__crt_win32_buffer@_WU__crt_win32_buffer_internal_dynamic_resizing@@@@AEBV<lambda_7c9dea7b4ca7285d2cdb541a38da6275>@@I@Z 000000014000b174 f i libucrt:argv_wildcards.obj
 0001:0000a314       ??$__acrt_convert_wcs_mbs_cp@_WDV<lambda_d8593a27d1aa8c02be35c86a17d324c4>@@U__crt_win32_buffer_internal_dynamic_resizing@@@@YAHQEB_WAEAV?$__crt_win32_buffer@DU__crt_win32_buffer_internal_dynamic_resizing@@@@AEBV<lambda_d8593a27d1aa8c02be35c86a17d324c4>@@I@Z 000000014000b314 f i libucrt:argv_wildcards.obj
 0001:0000abe0       ??0_LocaleUpdate@@QEAA@QEAU__crt_locale_pointers@@@Z 000000014000bbe0 f i libucrt:argv_wildcards.obj
 0001:0000ac7c       __acrt_expand_narrow_argv_wildcards 000000014000bc7c f   libucrt:argv_wildcards.obj
 0001:0000ac84       ??$__acrt_convert_wcs_mbs_cp@_WDV<lambda_f788ae46380686e8b737efdd8c720d07>@@U__crt_win32_buffer_no_resizing@@@@YAHQEB_WAEAV?$__crt_win32_buffer@DU__crt_win32_buffer_no_resizing@@@@AEBV<lambda_f788ae46380686e8b737efdd8c720d07>@@I@Z 000000014000bc84 f i libucrt:getmodulefilenamea.obj
 0001:0000ada0       __acrt_GetModuleFileNameA  000000014000bda0 f   libucrt:getmodulefilenamea.obj
 0001:0000b6cc       __acrt_initialize_multibyte 000000014000c6cc f   libucrt:mbctype.obj
 0001:0000b72c       __acrt_update_thread_multibyte_data 000000014000c72c f   libucrt:mbctype.obj
 0001:0000b748       _setmbcp_nolock            000000014000c748 f   libucrt:mbctype.obj
 0001:0000ba84       _ismbblead                 000000014000ca84 f   libucrt:ismbbyte.obj
 0001:0000ba98       __acrt_MultiByteToWideChar 000000014000ca98 f   libucrt:multibytetowidechar.obj
 0001:0000bb28       __acrt_WideCharToMultiByte 000000014000cb28 f   libucrt:widechartomultibyte.obj
 0001:0000bc08       __dcrt_get_narrow_environment_from_os 000000014000cc08 f   libucrt:get_environment_from_os.obj
 0001:0000c158       __dcrt_set_variable_in_narrow_environment_nolock 000000014000d158 f   libucrt:setenv.obj
 0001:0000c160       __acrt_initialize_locks    000000014000d160 f   libucrt:locks.obj
 0001:0000c1a8       __acrt_lock                000000014000d1a8 f   libucrt:locks.obj
 0001:0000c1c4       __acrt_uninitialize_locks  000000014000d1c4 f   libucrt:locks.obj
 0001:0000c1fc       __acrt_unlock              000000014000d1fc f   libucrt:locks.obj
 0001:0000c218       __acrt_app_verifier_enabled 000000014000d218 f   libucrt:peb_access.obj
 0001:0000c234       __acrt_is_secure_process   000000014000d234 f   libucrt:peb_access.obj
 0001:0000c24c       __acrt_get_process_end_policy 000000014000d24c f   libucrt:win_policies.obj
 0001:0000c27c       __acrt_lowio_create_handle_array 000000014000d27c f   libucrt:osfinfo.obj
 0001:0000c324       __acrt_lowio_destroy_handle_array 000000014000d324 f   libucrt:osfinfo.obj
 0001:0000c374       __acrt_lowio_ensure_fh_exists 000000014000d374 f   libucrt:osfinfo.obj
 0001:0000c41c       __acrt_lowio_lock_fh       000000014000d41c f   libucrt:osfinfo.obj
 0001:0000c444       __acrt_lowio_unlock_fh     000000014000d444 f   libucrt:osfinfo.obj
 0001:0000c46c       _free_osfhnd               000000014000d46c f   libucrt:osfinfo.obj
 0001:0000c528       _get_osfhandle             000000014000d528 f   libucrt:osfinfo.obj
 0001:0000c5a0       __acrt_initialize_fmode    000000014000d5a0 f   libucrt:txtmode.obj
 0001:0000c5b8       __acrt_locale_free_monetary 000000014000d5b8 f   libucrt:initmon.obj
 0001:0000c6c4       __acrt_locale_free_numeric 000000014000d6c4 f   libucrt:initnum.obj
 0001:0000c764       __acrt_locale_free_time    000000014000d764 f   libucrt:inittime.obj
 0001:0000c86c       __acrt_GetStringTypeA      000000014000d86c f   libucrt:getstringtypea.obj
 0001:0000c9fc       __acrt_add_locale_ref      000000014000d9fc f   libucrt:locale_refcounting.obj
 0001:0000ca88       __acrt_free_locale         000000014000da88 f   libucrt:locale_refcounting.obj
 0001:0000cc00       __acrt_locale_add_lc_time_reference 000000014000dc00 f   libucrt:locale_refcounting.obj
 0001:0000cc28       __acrt_locale_free_lc_time_if_unreferenced 000000014000dc28 f   libucrt:locale_refcounting.obj
 0001:0000cc60       __acrt_locale_release_lc_time_reference 000000014000dc60 f   libucrt:locale_refcounting.obj
 0001:0000cc88       __acrt_release_locale_ref  000000014000dc88 f   libucrt:locale_refcounting.obj
 0001:0000cd30       __acrt_update_thread_locale_data 000000014000dd30 f   libucrt:locale_refcounting.obj
 0001:0000cda0       _updatetlocinfoEx_nolock   000000014000dda0 f   libucrt:locale_refcounting.obj
 0001:0000ce10       _recalloc_base             000000014000de10 f   libucrt:recalloc.obj
 0001:0000ceb0       _recalloc                  000000014000deb0 f   libucrt:recalloc.obj
 0001:0000cec0       _get_heap_handle           000000014000dec0 f   libucrt:heap_handle.obj
 0001:0000ced0       __acrt_initialize_heap     000000014000ded0 f   libucrt:heap_handle.obj
 0001:0000cf00       __acrt_uninitialize_heap   000000014000df00 f   libucrt:heap_handle.obj
 0001:0000cf20       __acrt_getheap             000000014000df20 f   libucrt:heap_handle.obj
 0001:0000cf28       __acrt_execute_initializers 000000014000df28 f   libucrt:shared_initialization.obj
 0001:0000cfa8       __acrt_execute_uninitializers 000000014000dfa8 f   libucrt:shared_initialization.obj
 0001:0000cff0       _callnewh                  000000014000dff0 f   libucrt:new_handler.obj
 0001:0000d030       __acrt_initialize_new_handler 000000014000e030 f   libucrt:new_handler.obj
 0001:0000d040       _query_new_handler         000000014000e040 f   libucrt:new_handler.obj
 0001:0000d080       _set_new_handler           000000014000e080 f   libucrt:new_handler.obj
 0001:0000d0e0       ?_set_new_handler@@YAP6AH_K@ZH@Z 000000014000e0e0 f   libucrt:new_handler.obj
 0001:0000d134       __acrt_get_sigabrt_handler 000000014000e134 f   libucrt:signal.obj
 0001:0000d164       __acrt_initialize_signal_handlers 000000014000e164 f   libucrt:signal.obj
 0001:0000d184       raise                      000000014000e184 f   libucrt:signal.obj
 0001:0000d3e0       __acrt_DownlevelLocaleNameToLCID 000000014000e3e0 f   libucrt:lcidtoname_downlevel.obj
 0001:0000d5ac       fclose                     000000014000e5ac f   libucrt:fclose.obj
 0001:0000d6d0       _commit                    000000014000e6d0 f   libucrt:commit.obj
 0001:0000df90       _write_internal            000000014000ef90 f   libucrt:write.obj
 0001:0000e0b0       _write_nolock              000000014000f0b0 f   libucrt:write.obj
 0001:0000e4b0       __acrt_fp_strflt_to_string 000000014000f4b0 f   libucrt:_fptostr.obj
 0001:0000e5c0       ?divide@__crt_strtox@@YA_KAEAUbig_integer@1@AEBU21@@Z 000000014000f5c0 f i libucrt:cfout.obj
 0001:0000ea4c       __acrt_fltout              000000014000fa4c f   libucrt:cfout.obj
 0001:0000fd60       fegetround                 0000000140010d60 f   libucrt:fegetround.obj
 0001:0000fd74       ?__c32rtomb_utf8@__crt_mbstring@@YA_KPEAD_UPEAU_Mbstatet@@AEAV__crt_cached_ptd_host@@@Z 0000000140010d74 f   libucrt:c32rtomb.obj
 0001:0000fe18       ?reset_and_return@__crt_mbstring@@YA_K_KPEAU_Mbstatet@@@Z 0000000140010e18 f   libucrt:common_utf8.obj
 0001:0000fe20       ?return_illegal_sequence@__crt_mbstring@@YA_KPEAU_Mbstatet@@AEAV__crt_cached_ptd_host@@@Z 0000000140010e20 f   libucrt:common_utf8.obj
 0001:0000ffb4       __acrt_stdio_flush_and_write_narrow_nolock 0000000140010fb4 f   libucrt:_flsbuf.obj
 0001:00010080       _isatty                    0000000140011080 f   libucrt:isatty.obj
 0001:000100e0       qsort                      00000001400110e0 f   libucrt:qsort.obj
 0001:00010480       strncpy_s                  0000000140011480 f   libucrt:strncpy_s.obj
 0001:00010650       strpbrk                    0000000140011650 f   libucrt:strpbrk.obj
 0001:00010a08       _mbsdec                    0000000140011a08 f   libucrt:mbsdec.obj
 0001:00010a10       _mbsdec_l                  0000000140011a10 f   libucrt:mbsdec.obj
 0001:00010dd8       __acrt_LCMapStringA        0000000140011dd8 f   libucrt:lcmapstringa.obj
 0001:00010e90       _strnicoll                 0000000140011e90 f   libucrt:strnicol.obj
 0001:00011034       __acrt_SetEnvironmentVariableA 0000000140012034 f   libucrt:setenvironmentvariablea.obj
 0001:000111e0       __ascii_wcsnicmp           00000001400121e0 f   libucrt:wcsnicmp.obj
 0001:00011250       _msize_base                0000000140012250 f   libucrt:msize.obj
 0001:00011290       _msize                     0000000140012290 f   libucrt:msize.obj
 0001:000112a0       _realloc_base              00000001400122a0 f   libucrt:realloc_base.obj
 0001:00011394       _close_internal            0000000140012394 f   libucrt:close.obj
 0001:00011458       _close_nolock_internal     0000000140012458 f   libucrt:close.obj
 0001:00011528       ?__acrt_stdio_free_stream@@YAXV__crt_stdio_stream@@@Z 0000000140012528 f   libucrt:stream.obj
 0001:00011714       _lseeki64                  0000000140012714 f   libucrt:lseek.obj
 0001:000117b0       _lseeki64_nolock_internal  00000001400127b0 f   libucrt:lseek.obj
 0001:000117b8       _putwch_nolock             00000001400127b8 f   libucrt:putwch.obj
 0001:00011800       _controlfp_s               0000000140012800 f   libucrt:contrlfp.obj
 0001:00011870       fegetenv                   0000000140012870 f   libucrt:fegetenv.obj
 0001:00011890       fesetenv                   0000000140012890 f   libucrt:fesetenv.obj
 0001:00011900       feholdexcept               0000000140012900 f   libucrt:feholdexcept.obj
 0001:00011960       ceil                       0000000140012960 f   libucrt:ceil.obj
 0001:00011a30       log10                      0000000140012a30 f   libucrt:log10.obj
 0001:00011fe0       __acrt_fenv_get_common_round_control 0000000140012fe0 f   libucrt:_fenvutils.obj
 0001:00011ff0       __acrt_fenv_get_control    0000000140012ff0 f   libucrt:_fenvutils.obj
 0001:000120d0       __acrt_fenv_get_status     00000001400130d0 f   libucrt:_fenvutils.obj
 0001:00012130       __acrt_fenv_set_control    0000000140013130 f   libucrt:_fenvutils.obj
 0001:00012260       __acrt_fenv_set_status     0000000140013260 f   libucrt:_fenvutils.obj
 0001:000122d4       __acrt_stdio_allocate_buffer_nolock 00000001400132d4 f   libucrt:_getbuf.obj
 0001:00012340       _guard_check_icall         0000000140013340 f i libucrt:checkcfg.obj
 0001:00012360       __strncnt                  0000000140013360 f   libucrt:strncnt.obj
 0001:000123c0       _strnicmp                  00000001400133c0 f   libucrt:strnicmp.obj
 0001:00012450       _strnicmp_l                0000000140013450 f   libucrt:strnicmp.obj
 0001:0001293c       __acrt_CompareStringA      000000014001393c f   libucrt:comparestringa.obj
 0001:000129c8       __dcrt_lowio_ensure_console_output_initialized 00000001400139c8 f   libucrt:initcon.obj
 0001:00012a1c       __dcrt_terminate_console_output 0000000140013a1c f   libucrt:initcon.obj
 0001:00012a38       __dcrt_write_console       0000000140013a38 f   libucrt:initcon.obj
 0001:00012b00       _clearfp                   0000000140013b00 f   libucrt:ieee.obj
 0001:00012b70       _control87                 0000000140013b70 f   libucrt:ieee.obj
 0001:00012f30       _handle_error              0000000140013f30 f   libucrt:libm_error.obj
 0001:00013070       _handle_nan                0000000140014070 f   libucrt:libm_error.obj
 0001:00013090       ceil_sse41                 0000000140014090 f   libucrt:floorceil_sse41.obj
 0001:000130a0       __acrt_initialize_fma3     00000001400140a0 f   libucrt:fma3_available.obj
 0001:00013160       _log10_special             0000000140014160 f   libucrt:log_special.obj
 0001:00013220       _clrfp                     0000000140014220 f   libucrt:fpctrl.obj
 0001:00013240       _ctrlfp                    0000000140014240 f   libucrt:fpctrl.obj
 0001:000132c0       _get_fpcsr                 00000001400142c0 f   libucrt:fpctrl.obj
 0001:000132c0       _get_fpsr                  00000001400142c0 f   libucrt:fpctrl.obj
 0001:000132d0       _set_fpcsr                 00000001400142d0 f   libucrt:fpctrl.obj
 0001:000132d0       _set_fpsr                  00000001400142d0 f   libucrt:fpctrl.obj
 0001:000132e0       _set_statfp                00000001400142e0 f   libucrt:fpctrl.obj
 0001:00013300       _statfp                    0000000140014300 f   libucrt:fpctrl.obj
 0001:00013310       _raise_exc                 0000000140014310 f   libucrt:fpexcept.obj
 0001:00013340       _raise_exc_ex              0000000140014340 f   libucrt:fpexcept.obj
 0001:00013650       _set_errno_from_matherr    0000000140014650 f   libucrt:fpexcept.obj
 0001:00013690       _FindPESection             0000000140014690 f   LIBCMT:pesect.obj
 0001:000136e0       _IsNonwritableInCurrentImage 00000001400146e0 f   LIBCMT:pesect.obj
 0001:00013730       _ValidateImageBase         0000000140014730 f   LIBCMT:pesect.obj
 0001:0001375c       ??_Etype_info@@UEAAPEAXI@Z 000000014001475c f i LIBCMT:std_type_info_static.obj
 0001:0001375c       ??_Gtype_info@@UEAAPEAXI@Z 000000014001475c f i LIBCMT:std_type_info_static.obj
 0001:00013788       __GSHandlerCheck           0000000140014788 f   LIBCMT:gshandler.obj
 0001:000137a8       __GSHandlerCheckCommon     00000001400147a8 f   LIBCMT:gshandler.obj
 0001:00013820       __security_check_cookie    0000000140014820 f   LIBCMT:amdsecgs.obj
 0001:00013840       ??3@YAXPEAX_K@Z            0000000140014840 f   LIBCMT:delete_scalar_size.obj
 0001:00013848       __GSHandlerCheck_EH        0000000140014848 f   LIBCMT:gshandlereh.obj
 0001:000138c8       __raise_securityfailure    00000001400148c8 f   LIBCMT:gs_report.obj
 0001:000138fc       __report_gsfailure         00000001400148fc f   LIBCMT:gs_report.obj
 0001:00013a60       __chkstk                   0000000140014a60 f   LIBCMT:chkstk.obj
 0001:00013a60       _alloca_probe              0000000140014a60 f   LIBCMT:chkstk.obj
 0001:00013ab0       ??3@YAXPEAX@Z              0000000140014ab0 f   LIBCMT:delete_scalar.obj
 0001:00013ac0       __C_specific_handler_noexcept 0000000140014ac0 f   libvcruntime:chandler_noexcept.obj
 0001:00013b0c       strrchr                    0000000140014b0c f   libvcruntime:strrchr.obj
 0001:00013c3c       strchr                     0000000140014c3c f   libvcruntime:strchr.obj
 0001:00013cd0       _guard_dispatch_icall_nop  0000000140014cd0 f   LIBCMT:guard_dispatch.obj
 0001:00013cf0       _guard_xfg_dispatch_icall_nop 0000000140014cf0 f   LIBCMT:guard_xfg_dispatch.obj
 0001:00013d10       _guard_dispatch_icall      0000000140014d10 f   libucrt:dispatchcfg.obj
 0001:00013d10       _guard_dispatch_icall_$fo_default$ 0000000140014d10     libucrt:dispatchcfg.obj
 0001:00013d40       memset_repstos             0000000140014d40 f   libvcruntime:memset.obj
 0001:00013d50       memset                     0000000140014d50 f   libvcruntime:memset.obj
 0001:00014100       memcpy_repmovs             0000000140015100 f   libvcruntime:memcpy.obj
 0001:00014110       memcpy                     0000000140015110 f   libvcruntime:memcpy.obj
 0001:00014110       memcpy_$fo_default$        0000000140015110     libvcruntime:memcpy.obj
 0001:00014110       memmove                    0000000140015110 f   libvcruntime:memcpy.obj
 0001:00014790       strcmp                     0000000140015790 f   libucrt:strcmp.obj
 0001:00014810       strlen                     0000000140015810 f   libucrt:strlen.obj
 0001:000148d0       strncmp                    00000001400158d0 f   libucrt:strncmp.obj
 0002:00000000       __imp_QueryPerformanceCounter 0000000140016000     kernel32:KERNEL32.dll
 0002:00000008       __imp_GetCurrentProcessId  0000000140016008     kernel32:KERNEL32.dll
 0002:00000010       __imp_GetCurrentThreadId   0000000140016010     kernel32:KERNEL32.dll
 0002:00000018       __imp_GetSystemTimeAsFileTime 0000000140016018     kernel32:KERNEL32.dll
 0002:00000020       __imp_InitializeSListHead  0000000140016020     kernel32:KERNEL32.dll
 0002:00000028       __imp_RtlCaptureContext    0000000140016028     kernel32:KERNEL32.dll
 0002:00000030       __imp_RtlLookupFunctionEntry 0000000140016030     kernel32:KERNEL32.dll
 0002:00000038       __imp_RtlVirtualUnwind     0000000140016038     kernel32:KERNEL32.dll
 0002:00000040       __imp_IsDebuggerPresent    0000000140016040     kernel32:KERNEL32.dll
 0002:00000048       __imp_UnhandledExceptionFilter 0000000140016048     kernel32:KERNEL32.dll
 0002:00000050       __imp_SetUnhandledExceptionFilter 0000000140016050     kernel32:KERNEL32.dll
 0002:00000058       __imp_GetStartupInfoW      0000000140016058     kernel32:KERNEL32.dll
 0002:00000060       __imp_IsProcessorFeaturePresent 0000000140016060     kernel32:KERNEL32.dll
 0002:00000068       __imp_GetModuleHandleW     0000000140016068     kernel32:KERNEL32.dll
 0002:00000070       __imp_WriteConsoleW        0000000140016070     kernel32:KERNEL32.dll
 0002:00000078       __imp_RtlUnwindEx          0000000140016078     kernel32:KERNEL32.dll
 0002:00000080       __imp_GetLastError         0000000140016080     kernel32:KERNEL32.dll
 0002:00000088       __imp_SetLastError         0000000140016088     kernel32:KERNEL32.dll
 0002:00000090       __imp_EnterCriticalSection 0000000140016090     kernel32:KERNEL32.dll
 0002:00000098       __imp_LeaveCriticalSection 0000000140016098     kernel32:KERNEL32.dll
 0002:000000a0       __imp_DeleteCriticalSection 00000001400160a0     kernel32:KERNEL32.dll
 0002:000000a8       __imp_InitializeCriticalSectionAndSpinCount 00000001400160a8     kernel32:KERNEL32.dll
 0002:000000b0       __imp_TlsAlloc             00000001400160b0     kernel32:KERNEL32.dll
 0002:000000b8       __imp_TlsGetValue          00000001400160b8     kernel32:KERNEL32.dll
 0002:000000c0       __imp_TlsSetValue          00000001400160c0     kernel32:KERNEL32.dll
 0002:000000c8       __imp_TlsFree              00000001400160c8     kernel32:KERNEL32.dll
 0002:000000d0       __imp_FreeLibrary          00000001400160d0     kernel32:KERNEL32.dll
 0002:000000d8       __imp_GetProcAddress       00000001400160d8     kernel32:KERNEL32.dll
 0002:000000e0       __imp_LoadLibraryExW       00000001400160e0     kernel32:KERNEL32.dll
 0002:000000e8       __imp_EncodePointer        00000001400160e8     kernel32:KERNEL32.dll
 0002:000000f0       __imp_RaiseException       00000001400160f0     kernel32:KERNEL32.dll
 0002:000000f8       __imp_RtlPcToFileHeader    00000001400160f8     kernel32:KERNEL32.dll
 0002:00000100       __imp_GetStdHandle         0000000140016100     kernel32:KERNEL32.dll
 0002:00000108       __imp_WriteFile            0000000140016108     kernel32:KERNEL32.dll
 0002:00000110       __imp_GetModuleFileNameW   0000000140016110     kernel32:KERNEL32.dll
 0002:00000118       __imp_GetCurrentProcess    0000000140016118     kernel32:KERNEL32.dll
 0002:00000120       __imp_ExitProcess          0000000140016120     kernel32:KERNEL32.dll
 0002:00000128       __imp_TerminateProcess     0000000140016128     kernel32:KERNEL32.dll
 0002:00000130       __imp_GetModuleHandleExW   0000000140016130     kernel32:KERNEL32.dll
 0002:00000138       __imp_GetCommandLineA      0000000140016138     kernel32:KERNEL32.dll
 0002:00000140       __imp_GetCommandLineW      0000000140016140     kernel32:KERNEL32.dll
 0002:00000148       __imp_HeapAlloc            0000000140016148     kernel32:KERNEL32.dll
 0002:00000150       __imp_HeapFree             0000000140016150     kernel32:KERNEL32.dll
 0002:00000158       __imp_FlsAlloc             0000000140016158     kernel32:KERNEL32.dll
 0002:00000160       __imp_FlsGetValue          0000000140016160     kernel32:KERNEL32.dll
 0002:00000168       __imp_FlsSetValue          0000000140016168     kernel32:KERNEL32.dll
 0002:00000170       __imp_FlsFree              0000000140016170     kernel32:KERNEL32.dll
 0002:00000178       __imp_InitializeCriticalSectionEx 0000000140016178     kernel32:KERNEL32.dll
 0002:00000180       __imp_VirtualProtect       0000000140016180     kernel32:KERNEL32.dll
 0002:00000188       __imp_CompareStringW       0000000140016188     kernel32:KERNEL32.dll
 0002:00000190       __imp_LCMapStringW         0000000140016190     kernel32:KERNEL32.dll
 0002:00000198       __imp_GetFileType          0000000140016198     kernel32:KERNEL32.dll
 0002:000001a0       __imp_FindClose            00000001400161a0     kernel32:KERNEL32.dll
 0002:000001a8       __imp_FindFirstFileExW     00000001400161a8     kernel32:KERNEL32.dll
 0002:000001b0       __imp_FindNextFileW        00000001400161b0     kernel32:KERNEL32.dll
 0002:000001b8       __imp_IsValidCodePage      00000001400161b8     kernel32:KERNEL32.dll
 0002:000001c0       __imp_GetACP               00000001400161c0     kernel32:KERNEL32.dll
 0002:000001c8       __imp_GetOEMCP             00000001400161c8     kernel32:KERNEL32.dll
 0002:000001d0       __imp_GetCPInfo            00000001400161d0     kernel32:KERNEL32.dll
 0002:000001d8       __imp_MultiByteToWideChar  00000001400161d8     kernel32:KERNEL32.dll
 0002:000001e0       __imp_WideCharToMultiByte  00000001400161e0     kernel32:KERNEL32.dll
 0002:000001e8       __imp_GetEnvironmentStringsW 00000001400161e8     kernel32:KERNEL32.dll
 0002:000001f0       __imp_FreeEnvironmentStringsW 00000001400161f0     kernel32:KERNEL32.dll
 0002:000001f8       __imp_SetEnvironmentVariableW 00000001400161f8     kernel32:KERNEL32.dll
 0002:00000200       __imp_SetStdHandle         0000000140016200     kernel32:KERNEL32.dll
 0002:00000208       __imp_GetStringTypeW       0000000140016208     kernel32:KERNEL32.dll
 0002:00000210       __imp_GetProcessHeap       0000000140016210     kernel32:KERNEL32.dll
 0002:00000218       __imp_FlushFileBuffers     0000000140016218     kernel32:KERNEL32.dll
 0002:00000220       __imp_GetConsoleOutputCP   0000000140016220     kernel32:KERNEL32.dll
 0002:00000228       __imp_GetConsoleMode       0000000140016228     kernel32:KERNEL32.dll
 0002:00000230       __imp_GetFileSizeEx        0000000140016230     kernel32:KERNEL32.dll
 0002:00000238       __imp_SetFilePointerEx     0000000140016238     kernel32:KERNEL32.dll
 0002:00000240       __imp_HeapSize             0000000140016240     kernel32:KERNEL32.dll
 0002:00000248       __imp_HeapReAlloc          0000000140016248     kernel32:KERNEL32.dll
 0002:00000250       __imp_CloseHandle          0000000140016250     kernel32:KERNEL32.dll
 0002:00000258       __imp_CreateFileW          0000000140016258     kernel32:KERNEL32.dll
 0002:00000260       \177KERNEL32_NULL_THUNK_DATA 0000000140016260     kernel32:KERNEL32.dll
 0002:00000268       __guard_check_icall_fptr   0000000140016268     LIBCMT:guard_support.obj
 0002:00000270       __guard_xfg_check_icall_fptr 0000000140016270     LIBCMT:guard_support.obj
 0002:00000278       __guard_dispatch_icall_fptr 0000000140016278     LIBCMT:guard_support.obj
 0002:00000280       __guard_xfg_dispatch_icall_fptr 0000000140016280     LIBCMT:guard_support.obj
 0002:00000288       __guard_xfg_table_dispatch_icall_fptr 0000000140016288     LIBCMT:guard_support.obj
 0002:00000290       __castguard_check_failure_os_handled_fptr 0000000140016290     LIBCMT:guard_support.obj
 0002:00000298       __guard_memcpy_fptr        0000000140016298     libvcruntime:softmemtag.obj
 0002:000002a0       __xc_a                     00000001400162a0     LIBCMT:initializers.obj
 0002:000002b0       __xc_z                     00000001400162b0     LIBCMT:initializers.obj
 0002:000002b8       __xi_a                     00000001400162b8     LIBCMT:initializers.obj
 0002:000002d0       __acrt_stdio_initializer   00000001400162d0     libucrt:stdio_initializer.obj
 0002:000002d8       __acrt_multibyte_initializer 00000001400162d8     libucrt:multibyte_initializer.obj
 0002:000002e0       __acrt_fmode_initializer   00000001400162e0     libucrt:fmode_initializer.obj
 0002:000002e8       __acrt_tran_fma3_initializer 00000001400162e8     libucrt:fma3_initializer.obj
 0002:000002f0       __xi_z                     00000001400162f0     LIBCMT:initializers.obj
 0002:000002f8       __xp_a                     00000001400162f8     LIBCMT:initializers.obj
 0002:00000300       __acrt_locale_terminator   0000000140016300     libucrt:locale_initializer.obj
 0002:00000308       __dcrt_console_output_terminator 0000000140016308     libucrt:console_output_initializer.obj
 0002:00000310       __acrt_stdio_terminator    0000000140016310     libucrt:stdio_initializer.obj
 0002:00000318       __xp_z                     0000000140016318     LIBCMT:initializers.obj
 0002:00000320       __xt_a                     0000000140016320     LIBCMT:initializers.obj
 0002:00000328       __xt_z                     0000000140016328     LIBCMT:initializers.obj
 0002:00000330       ??_C@_0BP@GHKPLNIA@hits?$DN?$CFd?5misses?$DN?$CFd?5sum?$DN?$CFd?5q?$DN?$CFd?6@ 0000000140016330     rm8_roundtrip.obj
 0002:00000350       __xmm@ffffffffffffffffffffffffffffffff 0000000140016350     LIBCMT:utility.obj
 0002:00000360       _pDestructExceptionObject  0000000140016360     libvcruntime:ehhelpers.obj
 0002:00000a80       ??_C@_08EHJDFFNH@__based?$CI@ 0000000140016a80     libvcruntime:undname.obj
 0002:00000a90       ??_C@_07KOLFKCDI@__cdecl@  0000000140016a90     libvcruntime:undname.obj
 0002:00000a98       ??_C@_09IFJBGAPI@__stdcall@ 0000000140016a98     libvcruntime:undname.obj
 0002:00000aa8       ??_C@_0L@NPHFGOKO@__thiscall@ 0000000140016aa8     libvcruntime:undname.obj
 0002:00000ab8       ??_C@_0L@JMKHOMEK@__fastcall@ 0000000140016ab8     libvcruntime:undname.obj
 0002:00000ac8       ??_C@_0N@BCKKPABJ@__vectorcall@ 0000000140016ac8     libvcruntime:undname.obj
 0002:00000ad8       ??_C@_0BA@NAGGFLJK@__preserve_none@ 0000000140016ad8     libvcruntime:undname.obj
 0002:00000ae8       ??_C@_09HIJEGCPM@__clrcall@ 0000000140016ae8     libvcruntime:undname.obj
 0002:00000af4       ??_C@_06GHPCKEAG@__eabi@   0000000140016af4     libvcruntime:undname.obj
 0002:00000b00       ??_C@_09IOPIDJLG@__swift_1@ 0000000140016b00     libvcruntime:undname.obj
 0002:00000b10       ??_C@_09KFNFGKHF@__swift_2@ 0000000140016b10     libvcruntime:undname.obj
 0002:00000b20       ??_C@_09LMMOFLDE@__swift_3@ 0000000140016b20     libvcruntime:undname.obj
 0002:00000b30       ??_C@_07JOMMBBKO@__ptr64@  0000000140016b30     libvcruntime:undname.obj
 0002:00000b38       ??_C@_0L@PILCLIHE@__restrict@ 0000000140016b38     libvcruntime:undname.obj
 0002:00000b48       ??_C@_0M@GFIIJFMG@__unaligned@ 0000000140016b48     libvcruntime:undname.obj
 0002:00000b58       ??_C@_09DHDLOLLB@restrict?$CI@ 0000000140016b58     libvcruntime:undname.obj
 0002:00000b62       ??_C@_00CNPNBAHC@@         0000000140016b62     libvcruntime:undname.obj
 0002:00000b64       ??_C@_04NIHEBCM@?5new@     0000000140016b64     libvcruntime:undname.obj
 0002:00000b70       ??_C@_07FPCDHGMM@?5delete@ 0000000140016b70     libvcruntime:undname.obj
 0002:00000b78       ??_C@_01NEMOKFLO@?$DN@     0000000140016b78     libvcruntime:undname.obj
 0002:00000b7c       ??_C@_02GPIOPFAK@?$DO?$DO@ 0000000140016b7c     libvcruntime:undname.obj
 0002:00000b80       ??_C@_02FODMEDOG@?$DM?$DM@ 0000000140016b80     libvcruntime:undname.obj
 0002:00000b84       ??_C@_01DCLJPIOD@?$CB@     0000000140016b84     libvcruntime:undname.obj
 0002:00000b88       ??_C@_02EGOFBIJA@?$DN?$DN@ 0000000140016b88     libvcruntime:undname.obj
 0002:00000b8c       ??_C@_02FDNJECIE@?$CB?$DN@ 0000000140016b8c     libvcruntime:undname.obj
 0002:00000b90       ??_C@_02GPECMEKF@?$FL?$FN@ 0000000140016b90     libvcruntime:undname.obj
 0002:00000b98       ??_C@_08LHJFAFGD@operator@ 0000000140016b98     libvcruntime:undname.obj
 0002:00000ba4       ??_C@_02HBOOOICD@?9?$DO@   0000000140016ba4     libvcruntime:undname.obj
 0002:00000ba8       ??_C@_01NBENCBCI@?$CK@     0000000140016ba8     libvcruntime:undname.obj
 0002:00000bac       ??_C@_02ECNGHCIF@?$CL?$CL@ 0000000140016bac     libvcruntime:undname.obj
 0002:00000bb0       ??_C@_02BAABKJLB@?9?9@     0000000140016bb0     libvcruntime:undname.obj
 0002:00000bb4       ??_C@_01JOAMLHOP@?9@       0000000140016bb4     libvcruntime:undname.obj
 0002:00000bb8       ??_C@_01MIFGBAGJ@?$CL@     0000000140016bb8     libvcruntime:undname.obj
 0002:00000bbc       ??_C@_01HNPIGOCE@?$CG@     0000000140016bbc     libvcruntime:undname.obj
 0002:00000bc0       ??_C@_03MNHNFDLC@?9?$DO?$CK@ 0000000140016bc0     libvcruntime:undname.obj
 0002:00000bc4       ??_C@_01KMDKNFGN@?1@       0000000140016bc4     libvcruntime:undname.obj
 0002:00000bc8       ??_C@_01FGNFDNOH@?$CF@     0000000140016bc8     libvcruntime:undname.obj
 0002:00000bcc       ??_C@_01MNNFJEPP@?$DM@     0000000140016bcc     libvcruntime:undname.obj
 0002:00000bd0       ??_C@_02EHCHHCKH@?$DM?$DN@ 0000000140016bd0     libvcruntime:undname.obj
 0002:00000bd4       ??_C@_01PPODPGHN@?$DO@     0000000140016bd4     libvcruntime:undname.obj
 0002:00000bd8       ??_C@_02EEKDKGMJ@?$DO?$DN@ 0000000140016bd8     libvcruntime:undname.obj
 0002:00000bdc       ??_C@_01IHBHIGKO@?0@       0000000140016bdc     libvcruntime:undname.obj
 0002:00000be0       ??_C@_02HCKGKOFO@?$CI?$CJ@ 0000000140016be0     libvcruntime:undname.obj
 0002:00000be4       ??_C@_01PJKLJHI@?$HO@      0000000140016be4     libvcruntime:undname.obj
 0002:00000be8       ??_C@_01JKBOJNNK@?$FO@     0000000140016be8     libvcruntime:undname.obj
 0002:00000bec       ??_C@_01DNKMNLPK@?$HM@     0000000140016bec     libvcruntime:undname.obj
 0002:00000bf0       ??_C@_02PPKAJPJL@?$CG?$CG@ 0000000140016bf0     libvcruntime:undname.obj
 0002:00000bf4       ??_C@_02NONPIBCD@?$HM?$HM@ 0000000140016bf4     libvcruntime:undname.obj
 0002:00000bf8       ??_C@_02FPIMKNGF@?$CK?$DN@ 0000000140016bf8     libvcruntime:undname.obj
 0002:00000bfc       ??_C@_02FOEOMHFC@?$CL?$DN@ 0000000140016bfc     libvcruntime:undname.obj
 0002:00000c00       ??_C@_02FKMDLLOA@?9?$DN@   0000000140016c00     libvcruntime:undname.obj
 0002:00000c04       ??_C@_02FJEHGPIO@?1?$DN@   0000000140016c04     libvcruntime:undname.obj
 0002:00000c08       ??_C@_02FENAOKFI@?$CF?$DN@ 0000000140016c08     libvcruntime:undname.obj
 0002:00000c0c       ??_C@_03IKFCCPFF@?$DO?$DO?$DN@ 0000000140016c0c     libvcruntime:undname.obj
 0002:00000c10       ??_C@_03CDNPDDLA@?$DM?$DM?$DN@ 0000000140016c10     libvcruntime:undname.obj
 0002:00000c14       ??_C@_02FGJGFEAB@?$CG?$DN@ 0000000140016c14     libvcruntime:undname.obj
 0002:00000c18       ??_C@_02DHLNPPGH@?$HM?$DN@ 0000000140016c18     libvcruntime:undname.obj
 0002:00000c1c       ??_C@_02MHEGNOJ@?$FO?$DN@  0000000140016c1c     libvcruntime:undname.obj
 0002:00000c20       ??_C@_09IFPLHPGF@?$GAvftable?8@ 0000000140016c20     libvcruntime:undname.obj
 0002:00000c30       ??_C@_09BLBHBJP@?$GAvbtable?8@ 0000000140016c30     libvcruntime:undname.obj
 0002:00000c40       ??_C@_07FEEIOKP@?$GAvcall?8@ 0000000140016c40     libvcruntime:undname.obj
 0002:00000c48       ??_C@_08LLFFHHDJ@?$GAtypeof?8@ 0000000140016c48     libvcruntime:undname.obj
 0002:00000c58       ??_C@_0BF@KDPPACIK@?$GAlocal?5static?5guard?8@ 0000000140016c58     libvcruntime:undname.obj
 0002:00000c70       ??_C@_08OBABFOLI@?$GAstring?8@ 0000000140016c70     libvcruntime:undname.obj
 0002:00000c80       ??_C@_0BD@JDLKDPAB@?$GAvbase?5destructor?8@ 0000000140016c80     libvcruntime:undname.obj
 0002:00000c98       ??_C@_0BN@DEGPLNFK@?$GAvector?5deleting?5destructor?8@ 0000000140016c98     libvcruntime:undname.obj
 0002:00000cb8       ??_C@_0BO@OBMKPJIG@?$GAdefault?5constructor?5closure?8@ 0000000140016cb8     libvcruntime:undname.obj
 0002:00000cd8       ??_C@_0BN@IMDCHIKM@?$GAscalar?5deleting?5destructor?8@ 0000000140016cd8     libvcruntime:undname.obj
 0002:00000cf8       ??_C@_0BO@PFGOCPJJ@?$GAvector?5constructor?5iterator?8@ 0000000140016cf8     libvcruntime:undname.obj
 0002:00000d18       ??_C@_0BN@LFPFMEDL@?$GAvector?5destructor?5iterator?8@ 0000000140016d18     libvcruntime:undname.obj
 0002:00000d38       ??_C@_0CE@IKBNEHA@?$GAvector?5vbase?5constructor?5itera@ 0000000140016d38     libvcruntime:undname.obj
 0002:00000d60       ??_C@_0BL@NILFHHPC@?$GAvirtual?5displacement?5map?8@ 0000000140016d60     libvcruntime:undname.obj
 0002:00000d80       ??_C@_0CB@JONCMFFK@?$GAeh?5vector?5constructor?5iterator@ 0000000140016d80     libvcruntime:undname.obj
 0002:00000da8       ??_C@_0CA@GCEOPDGL@?$GAeh?5vector?5destructor?5iterator?8@ 0000000140016da8     libvcruntime:undname.obj
 0002:00000dc8       ??_C@_0CH@OOJPLCPH@?$GAeh?5vector?5vbase?5constructor?5it@ 0000000140016dc8     libvcruntime:undname.obj
 0002:00000df0       ??_C@_0BL@LLKPOHJI@?$GAcopy?5constructor?5closure?8@ 0000000140016df0     libvcruntime:undname.obj
 0002:00000e10       ??_C@_0BA@KBCDOMBN@?$GAudt?5returning?8@ 0000000140016e10     libvcruntime:undname.obj
 0002:00000e20       ??_C@_03KLGMFNMG@?$GAEH@   0000000140016e20     libvcruntime:undname.obj
 0002:00000e24       ??_C@_05KHLCHHI@?$GARTTI@  0000000140016e24     libvcruntime:undname.obj
 0002:00000e30       ??_C@_0BA@KKLDJDLB@?$GAlocal?5vftable?8@ 0000000140016e30     libvcruntime:undname.obj
 0002:00000e40       ??_C@_0CE@IIHCMGGL@?$GAlocal?5vftable?5constructor?5clos@ 0000000140016e40     libvcruntime:undname.obj
 0002:00000e64       ??_C@_06FHBGPFGH@?5new?$FL?$FN@ 0000000140016e64     libvcruntime:undname.obj
 0002:00000e70       ??_C@_09LBNFPBCA@?5delete?$FL?$FN@ 0000000140016e70     libvcruntime:undname.obj
 0002:00000e80       ??_C@_0P@HJKNJFNN@?$GAomni?5callsig?8@ 0000000140016e80     libvcruntime:undname.obj
 0002:00000e90       ??_C@_0BL@CNOONJFP@?$GAplacement?5delete?5closure?8@ 0000000140016e90     libvcruntime:undname.obj
 0002:00000eb0       ??_C@_0BN@CKNJLHMB@?$GAplacement?5delete?$FL?$FN?5closure?8@ 0000000140016eb0     libvcruntime:undname.obj
 0002:00000ed0       ??_C@_0CG@CFDHKGGD@?$GAmanaged?5vector?5constructor?5ite@ 0000000140016ed0     libvcruntime:undname.obj
 0002:00000ef8       ??_C@_0CF@IMGKMJNO@?$GAmanaged?5vector?5destructor?5iter@ 0000000140016ef8     libvcruntime:undname.obj
 0002:00000f20       ??_C@_0CG@HLDDJMAG@?$GAeh?5vector?5copy?5constructor?5ite@ 0000000140016f20     libvcruntime:undname.obj
 0002:00000f48       ??_C@_0CM@FCBBDIGB@?$GAeh?5vector?5vbase?5copy?5construct@ 0000000140016f48     libvcruntime:undname.obj
 0002:00000f78       ??_C@_0BL@CLIPGLGB@?$GAdynamic?5initializer?5for?5?8@ 0000000140016f78     libvcruntime:undname.obj
 0002:00000f98       ??_C@_0CB@PDBIFEP@?$GAdynamic?5atexit?5destructor?5for?5@ 0000000140016f98     libvcruntime:undname.obj
 0002:00000fc0       ??_C@_0CD@CGAJBKEJ@?$GAvector?5copy?5constructor?5iterat@ 0000000140016fc0     libvcruntime:undname.obj
 0002:00000fe8       ??_C@_0CJ@GJELGAMM@?$GAvector?5vbase?5copy?5constructor?5@ 0000000140016fe8     libvcruntime:undname.obj
 0002:00001018       ??_C@_0CL@FGIJHLCE@?$GAmanaged?5vector?5copy?5constructo@ 0000000140017018     libvcruntime:undname.obj
 0002:00001048       ??_C@_0BM@PMGGMLDN@?$GAlocal?5static?5thread?5guard?8@ 0000000140017048     libvcruntime:undname.obj
 0002:00001068       ??_C@_0N@BDNMDMOL@operator?5?$CC?$CC?5@ 0000000140017068     libvcruntime:undname.obj
 0002:00001078       ??_C@_0BC@GGEBGALA@operator?5co_await@ 0000000140017078     libvcruntime:undname.obj
 0002:00001090       ??_C@_0M@GAAIMMOH@operator?$DM?$DN?$DO@ 0000000140017090     libvcruntime:undname.obj
 0002:000010a0       ??_C@_0BC@DAFEJGAK@?5Type?5Descriptor?8@ 00000001400170a0     libvcruntime:undname.obj
 0002:000010b8       ??_C@_0BM@LDKODKLH@?5Base?5Class?5Descriptor?5at?5?$CI@ 00000001400170b8     libvcruntime:undname.obj
 0002:000010d8       ??_C@_0BD@LGICGFMM@?5Base?5Class?5Array?8@ 00000001400170d8     libvcruntime:undname.obj
 0002:000010f0       ??_C@_0BN@MECKDCOJ@?5Class?5Hierarchy?5Descriptor?8@ 00000001400170f0     libvcruntime:undname.obj
 0002:00001110       ??_C@_0BK@CFCOFLF@?5Complete?5Object?5Locator?8@ 0000000140017110     libvcruntime:undname.obj
 0002:00001130       ??_C@_0BG@JNJLAMPM@?$GAanonymous?5namespace?8@ 0000000140017130     libvcruntime:undname.obj
 0002:00001160       ??_C@_1DM@KHCHBNEB@?$AAa?$AAp?$AAi?$AA?9?$AAm?$AAs?$AA?9?$AAw?$AAi?$AAn?$AA?9?$AAc?$AAo?$AAr?$AAe@ 0000000140017160     libvcruntime:winapi_downlevel.obj
 0002:000011a0       ??_C@_1DK@LPPGFMPP@?$AAa?$AAp?$AAi?$AA?9?$AAm?$AAs?$AA?9?$AAw?$AAi?$AAn?$AA?9?$AAc?$AAo?$AAr?$AAe@ 00000001400171a0     libvcruntime:winapi_downlevel.obj
 0002:000011e0       ??_C@_1BC@GDMECMAK@?$AAk?$AAe?$AAr?$AAn?$AAe?$AAl?$AA3?$AA2@ 00000001400171e0     libvcruntime:winapi_downlevel.obj
 0002:000011f8       ??_C@_1BA@PFFKHIOG@?$AAa?$AAp?$AAi?$AA?9?$AAm?$AAs?$AA?9@ 00000001400171f8     libvcruntime:winapi_downlevel.obj
 0002:00001210       ??_C@_08KNHFBNJ@FlsAlloc@  0000000140017210     libvcruntime:winapi_downlevel.obj
 0002:00001228       ??_C@_07PEJMOBNF@FlsFree@  0000000140017228     libvcruntime:winapi_downlevel.obj
 0002:00001238       ??_C@_0M@GDNOONDI@FlsGetValue@ 0000000140017238     libvcruntime:winapi_downlevel.obj
 0002:00001250       ??_C@_0M@JCPCPOEF@FlsSetValue@ 0000000140017250     libvcruntime:winapi_downlevel.obj
 0002:00001268       ??_C@_0BM@HCFOFFN@InitializeCriticalSectionEx@ 0000000140017268     libvcruntime:winapi_downlevel.obj
 0002:00001330       ??_7exception@std@@6B@     0000000140017330     libvcruntime:frame.obj
 0002:00001340       ??_C@_0BC@EOODALEL@Unknown?5exception@ 0000000140017340     libvcruntime:frame.obj
 0002:00001360       ??_7bad_exception@std@@6B@ 0000000140017360     libvcruntime:frame.obj
 0002:00001370       ??_C@_0O@DPKOEFFH@bad?5exception@ 0000000140017370     libvcruntime:frame.obj
 0002:00001380       ?standard_lookup_table_spectre@__crt_stdio_output@@3V?$spectre_mitigated_lookup_table@Ustate_transition_pair@__crt_stdio_output@@$0IA@@1@B 0000000140017380     libucrt:output.obj
 0002:000014a8       ??_C@_1O@CEDCILHN@?$AA?$CI?$AAn?$AAu?$AAl?$AAl?$AA?$CJ@ 00000001400174a8     libucrt:output.obj
 0002:000014b8       ??_C@_06OJHGLDPL@?$CInull?$CJ@ 00000001400174b8     libucrt:output.obj
 0002:000014c0       __acrt_exception_action_table 00000001400174c0     libucrt:exception_filter.obj
 0002:00001580       __acrt_signal_action_table_count 0000000140017580     libucrt:exception_filter.obj
 0002:00001588       __acrt_signal_action_first_fpe_index 0000000140017588     libucrt:exception_filter.obj
 0002:00001590       __acrt_signal_action_fpe_count 0000000140017590     libucrt:exception_filter.obj
 0002:00001610       ??_C@_1BI@BGOHAHKC@?$AAm?$AAs?$AAc?$AAo?$AAr?$AAe?$AAe?$AA?4?$AAd?$AAl?$AAl@ 0000000140017610     libucrt:exit.obj
 0002:00001628       ??_C@_0P@MIGLKIOC@CorExitProcess@ 0000000140017628     libucrt:exit.obj
 0002:00001990       ??_C@_1EA@JGEFHKEI@?$AAa?$AAp?$AAi?$AA?9?$AAm?$AAs?$AA?9?$AAw?$AAi?$AAn?$AA?9?$AAc?$AAo?$AAr?$AAe@ 0000000140017990     libucrt:winapi_thunks.obj
 0002:000019d0       ??_C@_1DM@LFJCLCKP@?$AAa?$AAp?$AAi?$AA?9?$AAm?$AAs?$AA?9?$AAw?$AAi?$AAn?$AA?9?$AAc?$AAo?$AAr?$AAe@ 00000001400179d0     libucrt:winapi_thunks.obj
 0002:00001a10       ??_C@_1DI@KMEPCBPN@?$AAa?$AAp?$AAi?$AA?9?$AAm?$AAs?$AA?9?$AAw?$AAi?$AAn?$AA?9?$AAc?$AAo?$AAr?$AAe@ 0000000140017a10     libucrt:winapi_thunks.obj
 0002:00001a48       ??_C@_1DI@IJCEHOCB@?$AAa?$AAp?$AAi?$AA?9?$AAm?$AAs?$AA?9?$AAw?$AAi?$AAn?$AA?9?$AAc?$AAo?$AAr?$AAe@ 0000000140017a48     libucrt:winapi_thunks.obj
 0002:00001a80       ??_C@_1DI@FFFOPEOO@?$AAa?$AAp?$AAi?$AA?9?$AAm?$AAs?$AA?9?$AAw?$AAi?$AAn?$AA?9?$AAc?$AAo?$AAr?$AAe@ 0000000140017a80     libucrt:winapi_thunks.obj
 0002:00001ac0       ??_C@_1EI@MPIAOHOC@?$AAa?$AAp?$AAi?$AA?9?$AAm?$AAs?$AA?9?$AAw?$AAi?$AAn?$AA?9?$AAc?$AAo?$AAr?$AAe@ 0000000140017ac0     libucrt:winapi_thunks.obj
 0002:00001b10       ??_C@_1FK@FPHCKFIE@?$AAa?$AAp?$AAi?$AA?9?$AAm?$AAs?$AA?9?$AAw?$AAi?$AAn?$AA?9?$AAc?$AAo?$AAr?$AAe@ 0000000140017b10     libucrt:winapi_thunks.obj
 0002:00001b70       ??_C@_1EM@DILCGIIO@?$AAa?$AAp?$AAi?$AA?9?$AAm?$AAs?$AA?9?$AAw?$AAi?$AAn?$AA?9?$AAc?$AAo?$AAr?$AAe@ 0000000140017b70     libucrt:winapi_thunks.obj
 0002:00001bc0       ??_C@_1DM@LNCGDDPN@?$AAa?$AAp?$AAi?$AA?9?$AAm?$AAs?$AA?9?$AAw?$AAi?$AAn?$AA?9?$AAc?$AAo?$AAr?$AAe@ 0000000140017bc0     libucrt:winapi_thunks.obj
 0002:00001c00       ??_C@_1DO@FPAPJEMD@?$AAa?$AAp?$AAi?$AA?9?$AAm?$AAs?$AA?9?$AAw?$AAi?$AAn?$AA?9?$AAc?$AAo?$AAr?$AAe@ 0000000140017c00     libucrt:winapi_thunks.obj
 0002:00001c40       ??_C@_1DK@NDHNAHIO@?$AAa?$AAp?$AAi?$AA?9?$AAm?$AAs?$AA?9?$AAw?$AAi?$AAn?$AA?9?$AAc?$AAo?$AAr?$AAe@ 0000000140017c40     libucrt:winapi_thunks.obj
 0002:00001c80       ??_C@_1DM@KGHDGBCM@?$AAa?$AAp?$AAi?$AA?9?$AAm?$AAs?$AA?9?$AAw?$AAi?$AAn?$AA?9?$AAc?$AAo?$AAr?$AAe@ 0000000140017c80     libucrt:winapi_thunks.obj
 0002:00001cc0       ??_C@_1EO@IJIOEFOH@?$AAa?$AAp?$AAi?$AA?9?$AAm?$AAs?$AA?9?$AAw?$AAi?$AAn?$AA?9?$AAr?$AAt?$AAc?$AAo@ 0000000140017cc0     libucrt:winapi_thunks.obj
 0002:00001d10       ??_C@_1FG@HHGEKANL@?$AAa?$AAp?$AAi?$AA?9?$AAm?$AAs?$AA?9?$AAw?$AAi?$AAn?$AA?9?$AAs?$AAe?$AAc?$AAu@ 0000000140017d10     libucrt:winapi_thunks.obj
 0002:00001d70       ??_C@_1EG@DBIOJECG@?$AAe?$AAx?$AAt?$AA?9?$AAm?$AAs?$AA?9?$AAw?$AAi?$AAn?$AA?9?$AAn?$AAt?$AAu?$AAs@ 0000000140017d70     libucrt:winapi_thunks.obj
 0002:00001dc0       ??_C@_1EO@FIHMJCLF@?$AAe?$AAx?$AAt?$AA?9?$AAm?$AAs?$AA?9?$AAw?$AAi?$AAn?$AA?9?$AAn?$AAt?$AAu?$AAs@ 0000000140017dc0     libucrt:winapi_thunks.obj
 0002:00001e10       ??_C@_1BC@DNHGCMLG@?$AAa?$AAd?$AAv?$AAa?$AAp?$AAi?$AA3?$AA2@ 0000000140017e10     libucrt:winapi_thunks.obj
 0002:00001e28       ??_C@_1BG@CJPGBMEF@?$AAk?$AAe?$AAr?$AAn?$AAe?$AAl?$AAb?$AAa?$AAs?$AAe@ 0000000140017e28     libucrt:winapi_thunks.obj
 0002:00001e40       ??_C@_1M@OAIMIKLP@?$AAn?$AAt?$AAd?$AAl?$AAl@ 0000000140017e40     libucrt:winapi_thunks.obj
 0002:00001e50       ??_C@_1EG@DPGNFKGC@?$AAa?$AAp?$AAi?$AA?9?$AAm?$AAs?$AA?9?$AAw?$AAi?$AAn?$AA?9?$AAa?$AAp?$AAp?$AAm@ 0000000140017e50     libucrt:winapi_thunks.obj
 0002:00001e98       ??_C@_1O@BCCLBEOE@?$AAu?$AAs?$AAe?$AAr?$AA3?$AA2@ 0000000140017e98     libucrt:winapi_thunks.obj
 0002:00001ea8       ??_C@_1BA@IAIFMGEF@?$AAe?$AAx?$AAt?$AA?9?$AAm?$AAs?$AA?9@ 0000000140017ea8     libucrt:winapi_thunks.obj
 0002:00001ec0       ??_C@_0BA@FHFNEAED@AreFileApisANSI@ 0000000140017ec0     libucrt:winapi_thunks.obj
 0002:00001ed8       ??_C@_0BA@IHGNDAEB@CompareStringEx@ 0000000140017ed8     libucrt:winapi_thunks.obj
 0002:00001ef0       ??_C@_0N@MFBBDCAC@FlsGetValue2@ 0000000140017ef0     libucrt:winapi_thunks.obj
 0002:00001f08       ??_C@_0O@KKBNKAPF@LCMapStringEx@ 0000000140017f08     libucrt:winapi_thunks.obj
 0002:00001f20       ??_C@_0BB@HBDEELFH@LocaleNameToLCID@ 0000000140017f20     libucrt:winapi_thunks.obj
 0002:00001f38       ??_C@_0CF@OJOFEIGO@AppPolicyGetProcessTerminationM@ 0000000140017f38     libucrt:winapi_thunks.obj
 0002:00001fe0       ??_C@_03OEIAHPBN@INF@      0000000140017fe0     libucrt:cvt.obj
 0002:00001fe4       ??_C@_03OJHLLCGB@inf@      0000000140017fe4     libucrt:cvt.obj
 0002:00001fe8       ??_C@_03LKNCIKJB@NAN@      0000000140017fe8     libucrt:cvt.obj
 0002:00001fec       ??_C@_03LHCJEHON@nan@      0000000140017fec     libucrt:cvt.obj
 0002:00001ff0       ??_C@_09OFJJIMPC@NAN?$CISNAN?$CJ@ 0000000140017ff0     libucrt:cvt.obj
 0002:00002000       ??_C@_09IPFBKMDL@nan?$CIsnan?$CJ@ 0000000140018000     libucrt:cvt.obj
 0002:00002010       ??_C@_08IKHNHAJ@NAN?$CIIND?$CJ@ 0000000140018010     libucrt:cvt.obj
 0002:00002020       ??_C@_08OFCDMILK@nan?$CIind?$CJ@ 0000000140018020     libucrt:cvt.obj
 0002:0000202c       ??_C@_05KLBDPFGC@e?$CL000@ 000000014001802c     libucrt:cvt.obj
 0002:00002040       __lc_time_c                0000000140018040     libucrt:nlsdata.obj
 0002:00002300       ??_C@_03KOEHGMDN@Sun@      0000000140018300     libucrt:nlsdata.obj
 0002:00002304       ??_C@_03PDAGKDH@Mon@       0000000140018304     libucrt:nlsdata.obj
 0002:00002308       ??_C@_03NAGEINEP@Tue@      0000000140018308     libucrt:nlsdata.obj
 0002:0000230c       ??_C@_03MHOMLAJA@Wed@      000000014001830c     libucrt:nlsdata.obj
 0002:00002310       ??_C@_03IOFIKPDN@Thu@      0000000140018310     libucrt:nlsdata.obj
 0002:00002314       ??_C@_03IDIOELNC@Fri@      0000000140018314     libucrt:nlsdata.obj
 0002:00002318       ??_C@_03FEFJNEK@Sat@       0000000140018318     libucrt:nlsdata.obj
 0002:0000231c       ??_C@_06OOPIFAJ@Sunday@    000000014001831c     libucrt:nlsdata.obj
 0002:00002324       ??_C@_06JLEDEDGH@Monday@   0000000140018324     libucrt:nlsdata.obj
 0002:00002330       ??_C@_07BAAGCFCM@Tuesday@  0000000140018330     libucrt:nlsdata.obj
 0002:00002338       ??_C@_09DLIGFAKA@Wednesday@ 0000000140018338     libucrt:nlsdata.obj
 0002:00002348       ??_C@_08HACCIKIA@Thursday@ 0000000140018348     libucrt:nlsdata.obj
 0002:00002354       ??_C@_06JECMNKMI@Friday@   0000000140018354     libucrt:nlsdata.obj
 0002:00002360       ??_C@_08INBOOONO@Saturday@ 0000000140018360     libucrt:nlsdata.obj
 0002:0000236c       ??_C@_03JIHJHPIE@Jan@      000000014001836c     libucrt:nlsdata.obj
 0002:00002370       ??_C@_03HJBDCHOM@Feb@      0000000140018370     libucrt:nlsdata.obj
 0002:00002374       ??_C@_03ODNJBKGA@Mar@      0000000140018374     libucrt:nlsdata.obj
 0002:00002378       ??_C@_03LEOLGMJP@Apr@      0000000140018378     libucrt:nlsdata.obj
 0002:0000237c       ??_C@_03CNMDKL@May@        000000014001837c     libucrt:nlsdata.obj
 0002:00002380       ??_C@_03IDFGHECI@Jun@      0000000140018380     libucrt:nlsdata.obj
 0002:00002384       ??_C@_03LBGABGKK@Jul@      0000000140018384     libucrt:nlsdata.obj
[...]
 0002:000096e4       $unwind$?__mbrtoc32_utf8@__crt_mbstring@@YA_KPEA_UPEBD_KPEAU_Mbstatet@@AEAV__crt_cached_ptd_host@@@Z 000000014001f6e4     libucrt:mbrtoc32.obj
 0002:00009700       $unwind$__dcrt_lowio_ensure_console_output_initialized 000000014001f700     libucrt:initcon.obj
 0002:00009700       $unwind$?__mbrtowc_utf8@__crt_mbstring@@YA_KPEA_WPEBD_KPEAU_Mbstatet@@AEAV__crt_cached_ptd_host@@@Z 000000014001f700     libucrt:mbrtowc.obj
 0002:00009700       $unwind$?getSystemCP@@YAHH@Z 000000014001f700     libucrt:mbctype.obj
 0002:00009708       $unwind$?__mbsrtowcs_utf8@__crt_mbstring@@YA_KPEA_WPEAPEBD_KPEAU_Mbstatet@@AEAV__crt_cached_ptd_host@@@Z 000000014001f708     libucrt:mbrtowc.obj
 0002:00009724       $unwind$__acrt_stdio_end_temporary_buffering_nolock 000000014001f724     libucrt:_sftbuf.obj
 0002:0000972c       $unwind$__acrt_getptd_noexit 000000014001f72c     libucrt:per_thread_data.obj
 0002:0000972c       $unwind$__acrt_getptd_noexit_explicit 000000014001f72c     libucrt:per_thread_data.obj
 0002:00009740       $unwind$?destroy_fls@@YAXPEAX@Z 000000014001f740     libucrt:per_thread_data.obj
 0002:00009740       $unwind$__acrt_locale_free_numeric 000000014001f740     libucrt:initnum.obj
 0002:00009740       $unwind$__acrt_locale_free_lc_time_if_unreferenced 000000014001f740     libucrt:locale_refcounting.obj
 0002:00009748       $unwind$?construct_ptd_array@@YAXQEAU__acrt_ptd@@@Z 000000014001f748     libucrt:per_thread_data.obj
 0002:00009750       $unwind$?destroy_ptd_array@@YAXQEAU__acrt_ptd@@@Z 000000014001f750     libucrt:per_thread_data.obj
 0002:00009758       $unwind$??$?RV<lambda_0ae27a3a962d80f24befdcbee591983d>@@AEAV<lambda_8d0ee55de4b1038c4002e0adecdf1839>@@V<lambda_dc504788e8f1664fe9b84e20bfb512f2>@@@?$__crt_seh_guarded_call@X@@QEAAX$$QEAV<lambda_0ae27a3a962d80f24befdcbee591983d>@@AEAV<lambda_8d0ee55de4b1038c4002e0adecdf1839>@@$$QEAV<lambda_dc504788e8f1664fe9b84e20bfb512f2>@@@Z 000000014001f758     libucrt:per_thread_data.obj
 0002:0000977c       $unwind$??$?RV<lambda_aa87e3671a710a21b5dc78c0bdf72e11>@@AEAV<lambda_92619d2358a28f41a33ba319515a20b9>@@V<lambda_6992ecaafeb10aed2b74cb1fae11a551>@@@?$__crt_seh_guarded_call@X@@QEAAX$$QEAV<lambda_aa87e3671a710a21b5dc78c0bdf72e11>@@AEAV<lambda_92619d2358a28f41a33ba319515a20b9>@@$$QEAV<lambda_6992ecaafeb10aed2b74cb1fae11a551>@@@Z 000000014001f77c     libucrt:per_thread_data.obj
 0002:000097a0       $unwind$??$?RV<lambda_f2e299630e499de9f9a165e60fcd3db5>@@AEAV<lambda_2ae9d31cdba2644fcbeaf08da7c24588>@@V<lambda_40d01ff24d0e7b3814fdbdcee8eab3c7>@@@?$__crt_seh_guarded_call@X@@QEAAX$$QEAV<lambda_f2e299630e499de9f9a165e60fcd3db5>@@AEAV<lambda_2ae9d31cdba2644fcbeaf08da7c24588>@@$$QEAV<lambda_40d01ff24d0e7b3814fdbdcee8eab3c7>@@@Z 000000014001f7a0     libucrt:per_thread_data.obj
 0002:000097c4       $unwind$??$?RV<lambda_2d41944a1d46af3157314b8a01080d33>@@AEAV<lambda_8f455de75cd7d7f24b4096f044d8b9e6>@@V<lambda_aa500f224e6afead328df44964fe2772>@@@?$__crt_seh_guarded_call@X@@QEAAX$$QEAV<lambda_2d41944a1d46af3157314b8a01080d33>@@AEAV<lambda_8f455de75cd7d7f24b4096f044d8b9e6>@@$$QEAV<lambda_aa500f224e6afead328df44964fe2772>@@@Z 000000014001f7c4     libucrt:per_thread_data.obj
 0002:000097e8       $unwind$??$common_expand_argv_wildcards@D@@YAHQEAPEADQEAPEAPEAD@Z 000000014001f7e8     libucrt:argv_wildcards.obj
 0002:00009800       $unwind$__dcrt_get_narrow_environment_from_os 000000014001f800     libucrt:get_environment_from_os.obj
 0002:00009800       $unwind$??$__acrt_convert_wcs_mbs_cp@_WDV<lambda_d8593a27d1aa8c02be35c86a17d324c4>@@U__crt_win32_buffer_internal_dynamic_resizing@@@@YAHQEB_WAEAV?$__crt_win32_buffer@DU__crt_win32_buffer_internal_dynamic_resizing@@@@AEBV<lambda_d8593a27d1aa8c02be35c86a17d324c4>@@I@Z 000000014001f800     libucrt:argv_wildcards.obj
 0002:00009818       $unwind$??$expand_argument_wildcards@D@@YAHQEAD0AEAV?$argument_list@D@?A0x5f5c8891@@@Z 000000014001f818     libucrt:argv_wildcards.obj
 0002:00009838       $unwind$__acrt_GetModuleFileNameA 000000014001f838     libucrt:getmodulefilenamea.obj
 0002:00009854       $unwind$__dcrt_write_console 000000014001f854     libucrt:initcon.obj
 0002:00009854       $unwind$??$__acrt_convert_wcs_mbs_cp@_WDV<lambda_f788ae46380686e8b737efdd8c720d07>@@U__crt_win32_buffer_no_resizing@@@@YAHQEB_WAEAV?$__crt_win32_buffer@DU__crt_win32_buffer_no_resizing@@@@AEBV<lambda_f788ae46380686e8b737efdd8c720d07>@@I@Z 000000014001f854     libucrt:getmodulefilenamea.obj
 0002:00009868       $unwind$_setmbcp_nolock    000000014001f868     libucrt:mbctype.obj
 0002:00009888       $unwind$?update_thread_multibyte_data_internal@@YAPEAU__crt_multibyte_data@@QEAU__acrt_ptd@@QEAPEAU1@@Z 000000014001f888     libucrt:mbctype.obj
 0002:000098b0       $unwind$?setmbcp_internal@@YAHH_NQEAU__acrt_ptd@@QEAPEAU__crt_multibyte_data@@@Z 000000014001f8b0     libucrt:mbctype.obj
 0002:000098c8       $unwind$?setSBUpLow@@YAXPEAU__crt_multibyte_data@@@Z 000000014001f8c8     libucrt:mbctype.obj
 0002:000098e4       $unwind$??$?RV<lambda_efdfa57d1f175319df784efa44bb7b81>@@AEAV<lambda_5f0a4c1567f8adc6734073e5d1e1b35c>@@V<lambda_2e8a7d3640ea6ccb4c2413664c2db6fd>@@@?$__crt_seh_guarded_call@X@@QEAAX$$QEAV<lambda_efdfa57d1f175319df784efa44bb7b81>@@AEAV<lambda_5f0a4c1567f8adc6734073e5d1e1b35c>@@$$QEAV<lambda_2e8a7d3640ea6ccb4c2413664c2db6fd>@@@Z 000000014001f8e4     libucrt:mbctype.obj
 0002:00009908       $unwind$?x_ismbbtype_l@@YAHPEAU__crt_locale_pointers@@IHH@Z 000000014001f908     libucrt:ismbbyte.obj
 0002:00009908       $unwind$_strnicmp_l        000000014001f908     libucrt:strnicmp.obj
 0002:00009918       $unwind$__acrt_WideCharToMultiByte 000000014001f918     libucrt:widechartomultibyte.obj
 0002:00009924       $unwind$??$common_set_variable_in_environment_nolock@D@@YAHQEADH@Z 000000014001f924     libucrt:setenv.obj
 0002:0000993c       $unwind$??$copy_environment@D@@YAPEAPEADQEAPEAD@Z 000000014001f93c     libucrt:setenv.obj
 0002:00009950       $unwind$_free_osfhnd       000000014001f950     libucrt:osfinfo.obj
 0002:00009964       $unwind$__acrt_lowio_destroy_handle_array 000000014001f964     libucrt:osfinfo.obj
 0002:00009974       $unwind$__acrt_lowio_ensure_fh_exists 000000014001f974     libucrt:osfinfo.obj
 0002:000099a0       $unwind$__acrt_locale_free_monetary 000000014001f9a0     libucrt:initmon.obj
 0002:000099a8       $unwind$__acrt_locale_free_time 000000014001f9a8     libucrt:inittime.obj
 0002:000099b8       $unwind$__acrt_GetStringTypeA 000000014001f9b8     libucrt:getstringtypea.obj
 0002:000099e0       $unwind$__acrt_update_thread_locale_data 000000014001f9e0     libucrt:locale_refcounting.obj
 0002:00009a04       $unwind$_recalloc_base     000000014001fa04     libucrt:recalloc.obj
 0002:00009a18       $unwind$__acrt_initialize_heap 000000014001fa18     libucrt:heap_handle.obj
 0002:00009a20       $unwind$_callnewh          000000014001fa20     libucrt:new_handler.obj
 0002:00009a2c       $unwind$_query_new_handler 000000014001fa2c     libucrt:new_handler.obj
 0002:00009a4c       $unwind$_query_new_handler$fin$0 000000014001fa4c     libucrt:new_handler.obj
 0002:00009a54       $unwind$_set_new_handler   000000014001fa54     libucrt:new_handler.obj
 0002:00009a78       $unwind$_set_new_handler$fin$0 000000014001fa78     libucrt:new_handler.obj
 0002:00009a80       $unwind$raise              000000014001fa80     libucrt:signal.obj
 0002:00009ac0       $unwind$??$?RV<lambda_450d765d439847d4c735a33c368b5fc0>@@AEAV<lambda_44731a7d0e6d81c3e6aa82d741081786>@@V<lambda_601a2a7da3b7a96e9554ac7215c4b07c>@@@?$__crt_seh_guarded_call@P6AXH@Z@@QEAAP6AXH@Z$$QEAV<lambda_450d765d439847d4c735a33c368b5fc0>@@AEAV<lambda_44731a7d0e6d81c3e6aa82d741081786>@@$$QEAV<lambda_601a2a7da3b7a96e9554ac7215c4b07c>@@@Z 000000014001fac0     libucrt:signal.obj
 0002:00009ae4       $unwind$?_fclose_nolock_internal@@YAHQEAU_iobuf@@AEAV__crt_cached_ptd_host@@@Z 000000014001fae4     libucrt:fclose.obj
 0002:00009af4       $unwind$?_fclose_internal@@YAHQEAU_iobuf@@AEAV__crt_cached_ptd_host@@@Z 000000014001faf4     libucrt:fclose.obj
 0002:00009b18       $unwind$?fin$0@?0???$common_lseek@_J@@YA_JH_JHAEAV__crt_cached_ptd_host@@@Z@4HA 000000014001fb18     libucrt:lseek.obj
 0002:00009b18       $unwind$_write_internal$fin$0 000000014001fb18     libucrt:write.obj
 0002:00009b18       $unwind$?fin$0@?0??_fclose_internal@@YAHQEAU_iobuf@@AEAV__crt_cached_ptd_host@@@Z@4HA 000000014001fb18     libucrt:fclose.obj
 0002:00009b20       $unwind$_commit            000000014001fb20     libucrt:commit.obj
 0002:00009b28       $unwind$??$?RV<lambda_a37b2b86f63e897a80ea819b0eb08c01>@@AEAV<lambda_38ce7e780aa69e748d6df282ebc68efe>@@V<lambda_99fb1378e971ab6e7edea83e3a7a83a2>@@@?$__crt_seh_guarded_call@H@@QEAAH$$QEAV<lambda_a37b2b86f63e897a80ea819b0eb08c01>@@AEAV<lambda_38ce7e780aa69e748d6df282ebc68efe>@@$$QEAV<lambda_99fb1378e971ab6e7edea83e3a7a83a2>@@@Z 000000014001fb28     libucrt:commit.obj
 0002:00009b4c       $unwind$_write_nolock      000000014001fb4c     libucrt:write.obj
 0002:00009b64       $unwind$_write_internal    000000014001fb64     libucrt:write.obj
 0002:00009b90       $unwind$?write_double_translated_ansi_nolock@@YA?AUwrite_result@?A0x17268360@@HQEBDIAEAV__crt_cached_ptd_host@@@Z 000000014001fb90     libucrt:write.obj
 0002:00009bb8       $ip2state$?write_double_translated_ansi_nolock@@YA?AUwrite_result@?A0x17268360@@HQEBDIAEAV__crt_cached_ptd_host@@@Z 000000014001fbb8     libucrt:write.obj
 0002:00009bc0       $unwind$?write_text_ansi_nolock@@YA?AUwrite_result@?A0x17268360@@HQEBDI@Z 000000014001fbc0     libucrt:write.obj
 0002:00009bc0       $unwind$?write_text_utf16le_nolock@@YA?AUwrite_result@?A0x17268360@@HQEBDI@Z 000000014001fbc0     libucrt:write.obj
 0002:00009be0       $unwind$?write_text_utf8_nolock@@YA?AUwrite_result@?A0x17268360@@HQEBDI@Z 000000014001fbe0     libucrt:write.obj
 0002:00009c04       $unwind$__acrt_fltout      000000014001fc04     libucrt:cfout.obj
 0002:00009c28       $unwind$?divide@__crt_strtox@@YA_KAEAUbig_integer@1@AEBU21@@Z 000000014001fc28     libucrt:cfout.obj
 0002:00009c40       $chain$0$?divide@__crt_strtox@@YA_KAEAUbig_integer@1@AEBU21@@Z 000000014001fc40     libucrt:cfout.obj
 0002:00009c54       $chain$1$?divide@__crt_strtox@@YA_KAEAUbig_integer@1@AEBU21@@Z 000000014001fc54     libucrt:cfout.obj
 0002:00009c64       $unwind$??$write_buffer_nolock@D@@YA_NDV__crt_stdio_stream@@AEAV__crt_cached_ptd_host@@@Z 000000014001fc64     libucrt:_flsbuf.obj
 0002:00009c78       $unwind$qsort              000000014001fc78     libucrt:qsort.obj
 0002:00009c90       $chain$3$qsort             000000014001fc90     libucrt:qsort.obj
 0002:00009cb0       $chain$4$qsort             000000014001fcb0     libucrt:qsort.obj
 0002:00009cc0       $unwind$strpbrk            000000014001fcc0     libucrt:strpbrk.obj
 0002:00009cd0       $unwind$fallbackMethod     000000014001fcd0     libucrt:strpbrk.obj
 0002:00009ce0       $unwind$_mbsdec_l          000000014001fce0     libucrt:mbsdec.obj
 0002:00009cec       $unwind$__acrt_LCMapStringA 000000014001fcec     libucrt:lcmapstringa.obj
 0002:00009cfc       $unwind$?__acrt_LCMapStringA_stat@@YAHPEAU__crt_locale_pointers@@PEB_WKPEBDHPEADHHH@Z 000000014001fcfc     libucrt:lcmapstringa.obj
 0002:00009d24       $unwind$_strnicoll         000000014001fd24     libucrt:strnicol.obj
 0002:00009d38       $chain$0$_strnicoll        000000014001fd38     libucrt:strnicol.obj
 0002:00009d4c       $chain$1$_strnicoll        000000014001fd4c     libucrt:strnicol.obj
 0002:00009d5c       $unwind$__acrt_SetEnvironmentVariableA 000000014001fd5c     libucrt:setenvironmentvariablea.obj
 0002:00009d78       $unwind$_msize_base        000000014001fd78     libucrt:msize.obj
 0002:00009d80       $unwind$_realloc_base      000000014001fd80     libucrt:realloc_base.obj
 0002:00009d8c       $unwind$_close_internal    000000014001fd8c     libucrt:close.obj
 0002:00009d94       $unwind$??$?RV<lambda_ad8af0d99a0adf03d037d7dffe354bb5>@@AEAV<lambda_c9ba49e555ba839a7b07aa3fbecb7617>@@V<lambda_2f1ebd5d68526518146ae959c9e734c8>@@@?$__crt_seh_guarded_call@H@@QEAAH$$QEAV<lambda_ad8af0d99a0adf03d037d7dffe354bb5>@@AEAV<lambda_c9ba49e555ba839a7b07aa3fbecb7617>@@$$QEAV<lambda_2f1ebd5d68526518146ae959c9e734c8>@@@Z 000000014001fd94     libucrt:close.obj
 0002:00009db8       $unwind$??$common_lseek@_J@@YA_JH_JHAEAV__crt_cached_ptd_host@@@Z 000000014001fdb8     libucrt:lseek.obj
 0002:00009de4       $unwind$_putwch_nolock     000000014001fde4     libucrt:putwch.obj
 0002:00009dec       $unwind$fesetenv           000000014001fdec     libucrt:fesetenv.obj
 0002:00009df8       $xdatasym$log10            000000014001fdf8     libucrt:log10.obj
 0002:00009e04       $unwind$__acrt_fenv_set_control 000000014001fe04     libucrt:_fenvutils.obj
 0002:00009e10       $chain$0$__acrt_fenv_set_control 000000014001fe10     libucrt:_fenvutils.obj
 0002:00009e24       $chain$1$__acrt_fenv_set_control 000000014001fe24     libucrt:_fenvutils.obj
 0002:00009e34       $unwind$_guard_check_icall 000000014001fe34     libucrt:checkcfg.obj
 0002:00009e40       $unwind$__GSHandlerCheckCommon 000000014001fe40     LIBCMT:gshandler.obj
 0002:00009e40       $unwind$_strnicmp          000000014001fe40     libucrt:strnicmp.obj
 0002:00009e48       $unwind$__acrt_CompareStringA 000000014001fe48     libucrt:comparestringa.obj
 0002:00009e58       $unwind$?InternalCompareStringA@@YAHPEAU__crt_locale_pointers@@PEB_WKPEBDH2HH@Z 000000014001fe58     libucrt:comparestringa.obj
 0002:00009e7c       $unwind$common_control87   000000014001fe7c     libucrt:ieee.obj
 0002:00009ea0       $unwind$_exception_enabled 000000014001fea0     libucrt:libm_error.obj
 0002:00009eb4       $chain$0$_exception_enabled 000000014001feb4     libucrt:libm_error.obj
 0002:00009ec8       $chain$1$_exception_enabled 000000014001fec8     libucrt:libm_error.obj
 0002:00009ed8       $unwind$_handle_error      000000014001fed8     libucrt:libm_error.obj
 0002:00009ef4       $unwind$__acrt_initialize_fma3 000000014001fef4     libucrt:fma3_available.obj
 0002:00009efc       $unwind$_log_special_common 000000014001fefc     libucrt:log_special.obj
 0002:00009f08       $unwind$_ctrlfp            000000014001ff08     libucrt:fpctrl.obj
 0002:00009f28       $unwind$_raise_exc         000000014001ff28     libucrt:fpexcept.obj
 0002:00009f30       $unwind$_raise_exc_ex      000000014001ff30     libucrt:fpexcept.obj
 0002:00009f44       $unwind$_IsNonwritableInCurrentImage 000000014001ff44     LIBCMT:pesect.obj
 0002:00009f68       $xdatasym                  000000014001ff68     LIBCMT:amdsecgs.obj
 0002:00009f6c       $unwind$__report_gsfailure 000000014001ff6c     LIBCMT:gs_report.obj
 0002:00009f74       $unwind$capture_previous_context 000000014001ff74     LIBCMT:gs_report.obj
 0002:00009f80       $xdatasym                  000000014001ff80     LIBCMT:chkstk.obj
 0002:0000a3e8       .idata$6                   00000001400203e8     kernel32:KERNEL32.dll
 0003:00000090       ?__vcrt_flsindex@@3KA      0000000140021090     libvcruntime:per_thread_data.obj
 0003:000001c0       ?errno_no_memory@@3HA      00000001400211c0     libucrt:errno.obj
 0003:000001c4       ?doserrno_no_memory@@3KA   00000001400211c4     libucrt:errno.obj
 0003:00000218       ?__acrt_flsindex@@3KA      0000000140021218     libucrt:per_thread_data.obj
 0003:000005c0       _mbctypes                  00000001400215c0     libucrt:mbctype.obj
 0003:000006d0       _mbcasemaps                00000001400216d0     libucrt:mbctype.obj
 0003:000007d0       ?__rgctypeflag@@3PADA      00000001400217d0     libucrt:mbctype.obj
 0003:000007e0       ?__rgcode_page_info@@3PAUcode_page_info@@A 00000001400217e0     libucrt:mbctype.obj
 0003:00000a80       ?__dcrt_lowio_console_output_handle@@3PEAXEA 0000000140021a80     libucrt:initcon.obj
 0003:00000a88       ?dazSupported@?1??common_control87@@9@9 0000000140021a88     libucrt:ieee.obj
 0003:00000a90       ?dazSupported@?1??_ctrlfp@@9@9 0000000140021a90     libucrt:fpctrl.obj
 0003:00000b30       ?is_initialized_as_dll@@3_NA 0000000140021b30     LIBCMT:utility.obj
 0003:00000b31       ?module_local_atexit_table_initialized@@3_NA 0000000140021b31     LIBCMT:utility.obj
 0003:00000b38       ?module_local_atexit_table@@3U_onexit_table_t@@A 0000000140021b38     LIBCMT:utility.obj
 0003:00000b50       ?module_local_at_quick_exit_table@@3U_onexit_table_t@@A 0000000140021b50     LIBCMT:utility.obj
 0003:00000ba0       ?__vcrt_startup_thread_ptd@@3U__vcrt_ptd@@A 0000000140021ba0     libvcruntime:per_thread_data.obj
 0003:00000c20       __vcrt_lock_table          0000000140021c20     libvcruntime:locks.obj
 0003:00000c48       __vcrt_locks_initialized   0000000140021c48     libvcruntime:locks.obj
 0003:00000c50       ?module_handles@@3PAPEAUHINSTANCE__@@A 0000000140021c50     libvcruntime:winapi_downlevel.obj
 0003:00000c68       ?function_pointers@@3PAPEAXA 0000000140021c68     libvcruntime:winapi_downlevel.obj
 0003:00000cac       ?__acrt_app_type@@3W4_crt_app_type@@A 0000000140021cac     libucrt:report_runtime_error.obj
 0003:00000cb0       ?user_matherr@@3V?$dual_state_global@P6AHPEAU_exception@@@Z@__crt_state_management@@A 0000000140021cb0     libucrt:matherr.obj
 0003:00000cc0       ?program_name@?1???$common_configure_argv@D@@YAHW4_crt_argv_mode@@@Z@4PADA 0000000140021cc0     libucrt:argv_parsing.obj
 0003:00000de8       ?c_termination_complete@@3JA 0000000140021de8     libucrt:exit.obj
 0003:00000df0       ?thread_local_exit_callback_func@@3P6AXPEAXK0@ZEA 0000000140021df0     libucrt:exit.obj
 0003:00000df8       ?c_exit_complete@?1???R<lambda_6e4b09c48022b2350581041d5f6b0c4c>@@QEBA@XZ@4_NA 0000000140021df8     libucrt:exit.obj
 0003:00000e34       ?__acrt_global_new_mode@@3V?$dual_state_global@J@__crt_state_management@@A 0000000140021e34     libucrt:new_mode.obj
 0003:00000e70       ?__acrt_invalid_parameter_handler@@3V?$dual_state_global@P6AXPEB_W00I_K@Z@__crt_state_management@@A 0000000140021e70     libucrt:invalid_parameter.obj
 0003:00000e80       ?module_handles@@3PAPEAUHINSTANCE__@@A 0000000140021e80     libucrt:winapi_thunks.obj
 0003:00001348       ?internal_state@?1??_mbtowc_internal@@9@4U_Mbstatet@@A 0000000140022348     libucrt:mbtowc.obj
 0003:00001350       ?internal_pst@?1??__mbrtoc32_utf8@__crt_mbstring@@YA_KPEA_UPEBD_KPEAU_Mbstatet@@AEAV__crt_cached_ptd_host@@@Z@4U3@A 0000000140022350     libucrt:mbrtoc32.obj
 0003:00001358       ?internal_pst@?1??__c16rtomb_utf8@__crt_mbstring@@YA_KPEAD_SPEAU_Mbstatet@@AEAV__crt_cached_ptd_host@@@Z@4U3@A 0000000140022358     libucrt:c16rtomb.obj
 0003:00001360       ?enable_percent_n@@3_KA    0000000140022360     libucrt:printf_count_output.obj
 0003:000013a0       ?fSystemSet@@3HA           00000001400223a0     libucrt:mbctype.obj
 0003:000013a4       ?initialized@?1??__acrt_initialize_multibyte@@9@4_NA 00000001400223a4     libucrt:mbctype.obj
 0003:000013b0       ?__acrt_lock_table@@3PAU_RTL_CRITICAL_SECTION@@A 00000001400223b0     libucrt:locks.obj
 0003:00001608       ?__acrt_locks_initialized@@3IA 0000000140022608     libucrt:locks.obj
 0003:00001620       ?__acrt_new_handler@@3V?$dual_state_global@P6AH_K@Z@__crt_state_management@@A 0000000140022620     libucrt:new_handler.obj
 0003:00001628       ?ctrlc_action@@3V?$dual_state_global@P6AXH@Z@__crt_state_management@@A 0000000140022628     libucrt:signal.obj
 0003:00001630       ?ctrlbreak_action@@3V?$dual_state_global@P6AXH@Z@__crt_state_management@@A 0000000140022630     libucrt:signal.obj
 0003:00001638       ?abort_action@@3V?$dual_state_global@P6AXH@Z@__crt_state_management@@A 0000000140022638     libucrt:signal.obj
 0003:00001640       ?term_action@@3V?$dual_state_global@P6AXH@Z@__crt_state_management@@A 0000000140022640     libucrt:signal.obj
 0003:00001650       GS_ExceptionRecord         0000000140022650     LIBCMT:gs_report.obj
 0003:000016f0       GS_ContextRecord           00000001400226f0     LIBCMT:gs_report.obj
 0005:00000000       ?function_pointers@@3PAPEAXA 0000000140025000     libucrt:winapi_thunks.obj
